Archive member included to satisfy reference by file (symbol)

c:/st/stm32cubeide_1.12.0/stm32cubeide/plugins/com.st.stm32cube.ide.mcu.externaltools.gnu-tools-for-stm32.10.3-2021.10.win32_1.0.200.202301161003/tools/bin/../lib/gcc/arm-none-eabi/10.3.1/../../../../arm-none-eabi/lib/thumb/v7e-m+fp/hard\libc_nano.a(lib_a-errno.o)
                              ./Core/Src/syscalls.o (__errno)
c:/st/stm32cubeide_1.12.0/stm32cubeide/plugins/com.st.stm32cube.ide.mcu.externaltools.gnu-tools-for-stm32.10.3-2021.10.win32_1.0.200.202301161003/tools/bin/../lib/gcc/arm-none-eabi/10.3.1/../../../../arm-none-eabi/lib/thumb/v7e-m+fp/hard\libc_nano.a(lib_a-exit.o)
                              c:/st/stm32cubeide_1.12.0/stm32cubeide/plugins/com.st.stm32cube.ide.mcu.externaltools.gnu-tools-for-stm32.10.3-2021.10.win32_1.0.200.202301161003/tools/bin/../lib/gcc/arm-none-eabi/10.3.1/../../../../arm-none-eabi/lib/thumb/v7e-m+fp/hard/crt0.o (exit)
c:/st/stm32cubeide_1.12.0/stm32cubeide/plugins/com.st.stm32cube.ide.mcu.externaltools.gnu-tools-for-stm32.10.3-2021.10.win32_1.0.200.202301161003/tools/bin/../lib/gcc/arm-none-eabi/10.3.1/../../../../arm-none-eabi/lib/thumb/v7e-m+fp/hard\libc_nano.a(lib_a-impure.o)
                              c:/st/stm32cubeide_1.12.0/stm32cubeide/plugins/com.st.stm32cube.ide.mcu.externaltools.gnu-tools-for-stm32.10.3-2021.10.win32_1.0.200.202301161003/tools/bin/../lib/gcc/arm-none-eabi/10.3.1/../../../../arm-none-eabi/lib/thumb/v7e-m+fp/hard\libc_nano.a(lib_a-exit.o) (_global_impure_ptr)
c:/st/stm32cubeide_1.12.0/stm32cubeide/plugins/com.st.stm32cube.ide.mcu.externaltools.gnu-tools-for-stm32.10.3-2021.10.win32_1.0.200.202301161003/tools/bin/../lib/gcc/arm-none-eabi/10.3.1/../../../../arm-none-eabi/lib/thumb/v7e-m+fp/hard\libc_nano.a(lib_a-init.o)
                              c:/st/stm32cubeide_1.12.0/stm32cubeide/plugins/com.st.stm32cube.ide.mcu.externaltools.gnu-tools-for-stm32.10.3-2021.10.win32_1.0.200.202301161003/tools/bin/../lib/gcc/arm-none-eabi/10.3.1/../../../../arm-none-eabi/lib/thumb/v7e-m+fp/hard/crt0.o (__libc_init_array)
c:/st/stm32cubeide_1.12.0/stm32cubeide/plugins/com.st.stm32cube.ide.mcu.externaltools.gnu-tools-for-stm32.10.3-2021.10.win32_1.0.200.202301161003/tools/bin/../lib/gcc/arm-none-eabi/10.3.1/../../../../arm-none-eabi/lib/thumb/v7e-m+fp/hard\libc_nano.a(lib_a-memset.o)
                              c:/st/stm32cubeide_1.12.0/stm32cubeide/plugins/com.st.stm32cube.ide.mcu.externaltools.gnu-tools-for-stm32.10.3-2021.10.win32_1.0.200.202301161003/tools/bin/../lib/gcc/arm-none-eabi/10.3.1/../../../../arm-none-eabi/lib/thumb/v7e-m+fp/hard/crt0.o (memset)
c:/st/stm32cubeide_1.12.0/stm32cubeide/plugins/com.st.stm32cube.ide.mcu.externaltools.gnu-tools-for-stm32.10.3-2021.10.win32_1.0.200.202301161003/tools/bin/../lib/gcc/arm-none-eabi/10.3.1/thumb/v7e-m+fp/hard\libgcc.a(_aeabi_uldivmod.o)
                              ./Drivers/STM32F4xx_HAL_Driver/Src/stm32f4xx_hal_rcc.o (__aeabi_uldivmod)
c:/st/stm32cubeide_1.12.0/stm32cubeide/plugins/com.st.stm32cube.ide.mcu.externaltools.gnu-tools-for-stm32.10.3-2021.10.win32_1.0.200.202301161003/tools/bin/../lib/gcc/arm-none-eabi/10.3.1/thumb/v7e-m+fp/hard\libgcc.a(_udivmoddi4.o)
                              c:/st/stm32cubeide_1.12.0/stm32cubeide/plugins/com.st.stm32cube.ide.mcu.externaltools.gnu-tools-for-stm32.10.3-2021.10.win32_1.0.200.202301161003/tools/bin/../lib/gcc/arm-none-eabi/10.3.1/thumb/v7e-m+fp/hard\libgcc.a(_aeabi_uldivmod.o) (__udivmoddi4)
c:/st/stm32cubeide_1.12.0/stm32cubeide/plugins/com.st.stm32cube.ide.mcu.externaltools.gnu-tools-for-stm32.10.3-2021.10.win32_1.0.200.202301161003/tools/bin/../lib/gcc/arm-none-eabi/10.3.1/thumb/v7e-m+fp/hard\libgcc.a(_dvmd_tls.o)
                              c:/st/stm32cubeide_1.12.0/stm32cubeide/plugins/com.st.stm32cube.ide.mcu.externaltools.gnu-tools-for-stm32.10.3-2021.10.win32_1.0.200.202301161003/tools/bin/../lib/gcc/arm-none-eabi/10.3.1/thumb/v7e-m+fp/hard\libgcc.a(_aeabi_uldivmod.o) (__aeabi_ldiv0)

Discarded input sections

 .text          0x0000000000000000        0x0 c:/st/stm32cubeide_1.12.0/stm32cubeide/plugins/com.st.stm32cube.ide.mcu.externaltools.gnu-tools-for-stm32.10.3-2021.10.win32_1.0.200.202301161003/tools/bin/../lib/gcc/arm-none-eabi/10.3.1/thumb/v7e-m+fp/hard/crti.o
 .data          0x0000000000000000        0x0 c:/st/stm32cubeide_1.12.0/stm32cubeide/plugins/com.st.stm32cube.ide.mcu.externaltools.gnu-tools-for-stm32.10.3-2021.10.win32_1.0.200.202301161003/tools/bin/../lib/gcc/arm-none-eabi/10.3.1/thumb/v7e-m+fp/hard/crti.o
 .bss           0x0000000000000000        0x0 c:/st/stm32cubeide_1.12.0/stm32cubeide/plugins/com.st.stm32cube.ide.mcu.externaltools.gnu-tools-for-stm32.10.3-2021.10.win32_1.0.200.202301161003/tools/bin/../lib/gcc/arm-none-eabi/10.3.1/thumb/v7e-m+fp/hard/crti.o
[...]
Memory Configuration

Name             Origin             Length             Attributes
CCMRAM           0x0000000010000000 0x0000000000010000 xrw
RAM              0x0000000020000000 0x0000000000020000 xrw
FLASH            0x0000000008000000 0x0000000000100000 xr
*default*        0x0000000000000000 0xffffffffffffffff

Linker script and memory map

LOAD c:/st/stm32cubeide_1.12.0/stm32cubeide/plugins/com.st.stm32cube.ide.mcu.externaltools.gnu-tools-for-stm32.10.3-2021.10.win32_1.0.200.202301161003/tools/bin/../lib/gcc/arm-none-eabi/10.3.1/thumb/v7e-m+fp/hard/crti.o
LOAD c:/st/stm32cubeide_1.12.0/stm32cubeide/plugins/com.st.stm32cube.ide.mcu.externaltools.gnu-tools-for-stm32.10.3-2021.10.win32_1.0.200.202301161003/tools/bin/../lib/gcc/arm-none-eabi/10.3.1/thumb/v7e-m+fp/hard/crtbegin.o
LOAD c:/st/stm32cubeide_1.12.0/stm32cubeide/plugins/com.st.stm32cube.ide.mcu.externaltools.gnu-tools-for-stm32.10.3-2021.10.win32_1.0.200.202301161003/tools/bin/../lib/gcc/arm-none-eabi/10.3.1/../../../../arm-none-eabi/lib/thumb/v7e-m+fp/hard/crt0.o
LOAD ./Core/Src/main.o
LOAD ./Core/Src/stm32f4xx_hal_msp.o
LOAD ./Core/Src/stm32f4xx_it.o
LOAD ./Core/Src/syscalls.o
LOAD ./Core/Src/sysmem.o
LOAD ./Core/Src/system_stm32f4xx.o
LOAD ./Core/Startup/startup_stm32f407vgtx.o
LOAD ./Drivers/STM32F4xx_HAL_Driver/Src/stm32f4xx_hal.o
LOAD ./Drivers/STM32F4xx_HAL_Driver/Src/stm32f4xx_hal_cortex.o
LOAD ./Drivers/STM32F4xx_HAL_Driver/Src/stm32f4xx_hal_dma.o
LOAD ./Drivers/STM32F4xx_HAL_Driver/Src/stm32f4xx_hal_dma_ex.o
LOAD ./Drivers/STM32F4xx_HAL_Driver/Src/stm32f4xx_hal_exti.o
LOAD ./Drivers/STM32F4xx_HAL_Driver/Src/stm32f4xx_hal_flash.o
LOAD ./Drivers/STM32F4xx_HAL_Driver/Src/stm32f4xx_hal_flash_ex.o
LOAD ./Drivers/STM32F4xx_HAL_Driver/Src/stm32f4xx_hal_flash_ramfunc.o
LOAD ./Drivers/STM32F4xx_HAL_Driver/Src/stm32f4xx_hal_gpio.o
LOAD ./Drivers/STM32F4xx_HAL_Driver/Src/stm32f4xx_hal_pcd.o
LOAD ./Drivers/STM32F4xx_HAL_Driver/Src/stm32f4xx_hal_pcd_ex.o
LOAD ./Drivers/STM32F4xx_HAL_Driver/Src/stm32f4xx_hal_pwr.o
LOAD ./Drivers/STM32F4xx_HAL_Driver/Src/stm32f4xx_hal_pwr_ex.o
LOAD ./Drivers/STM32F4xx_HAL_Driver/Src/stm32f4xx_hal_rcc.o
LOAD ./Drivers/STM32F4xx_HAL_Driver/Src/stm32f4xx_hal_rcc_ex.o
LOAD ./Drivers/STM32F4xx_HAL_Driver/Src/stm32f4xx_hal_tim.o
LOAD ./Drivers/STM32F4xx_HAL_Driver/Src/stm32f4xx_hal_tim_ex.o
LOAD ./Drivers/STM32F4xx_HAL_Driver/Src/stm32f4xx_ll_usb.o
LOAD ./Middlewares/ST/STM32_USB_Device_Library/Class/CDC/Src/usbd_cdc.o
LOAD ./Middlewares/ST/STM32_USB_Device_Library/Core/Src/usbd_core.o
LOAD ./Middlewares/ST/STM32_USB_Device_Library/Core/Src/usbd_ctlreq.o
LOAD ./Middlewares/ST/STM32_USB_Device_Library/Core/Src/usbd_ioreq.o
LOAD ./USB_DEVICE/App/usb_device.o
LOAD ./USB_DEVICE/App/usbd_cdc_if.o
LOAD ./USB_DEVICE/App/usbd_desc.o
LOAD ./USB_DEVICE/Target/usbd_conf.o
START GROUP
LOAD c:/st/stm32cubeide_1.12.0/stm32cubeide/plugins/com.st.stm32cube.ide.mcu.externaltools.gnu-tools-for-stm32.10.3-2021.10.win32_1.0.200.202301161003/tools/bin/../lib/gcc/arm-none-eabi/10.3.1/../../../../arm-none-eabi/lib/thumb/v7e-m+fp/hard\libc_nano.a
LOAD c:/st/stm32cubeide_1.12.0/stm32cubeide/plugins/com.st.stm32cube.ide.mcu.externaltools.gnu-tools-for-stm32.10.3-2021.10.win32_1.0.200.202301161003/tools/bin/../lib/gcc/arm-none-eabi/10.3.1/../../../../arm-none-eabi/lib/thumb/v7e-m+fp/hard\libm.a
END GROUP
START GROUP
LOAD c:/st/stm32cubeide_1.12.0/stm32cubeide/plugins/com.st.stm32cube.ide.mcu.externaltools.gnu-tools-for-stm32.10.3-2021.10.win32_1.0.200.202301161003/tools/bin/../lib/gcc/arm-none-eabi/10.3.1/thumb/v7e-m+fp/hard\libgcc.a
LOAD c:/st/stm32cubeide_1.12.0/stm32cubeide/plugins/com.st.stm32cube.ide.mcu.externaltools.gnu-tools-for-stm32.10.3-2021.10.win32_1.0.200.202301161003/tools/bin/../lib/gcc/arm-none-eabi/10.3.1/../../../../arm-none-eabi/lib/thumb/v7e-m+fp/hard\libc_nano.a
END GROUP
START GROUP
LOAD c:/st/stm32cubeide_1.12.0/stm32cubeide/plugins/com.st.stm32cube.ide.mcu.externaltools.gnu-tools-for-stm32.10.3-2021.10.win32_1.0.200.202301161003/tools/bin/../lib/gcc/arm-none-eabi/10.3.1/thumb/v7e-m+fp/hard\libgcc.a
LOAD c:/st/stm32cubeide_1.12.0/stm32cubeide/plugins/com.st.stm32cube.ide.mcu.externaltools.gnu-tools-for-stm32.10.3-2021.10.win32_1.0.200.202301161003/tools/bin/../lib/gcc/arm-none-eabi/10.3.1/../../../../arm-none-eabi/lib/thumb/v7e-m+fp/hard\libc_nano.a
LOAD c:/st/stm32cubeide_1.12.0/stm32cubeide/plugins/com.st.stm32cube.ide.mcu.externaltools.gnu-tools-for-stm32.10.3-2021.10.win32_1.0.200.202301161003/tools/bin/../lib/gcc/arm-none-eabi/10.3.1/../../../../arm-none-eabi/lib/thumb/v7e-m+fp/hard\libnosys.a
END GROUP
START GROUP
LOAD c:/st/stm32cubeide_1.12.0/stm32cubeide/plugins/com.st.stm32cube.ide.mcu.externaltools.gnu-tools-for-stm32.10.3-2021.10.win32_1.0.200.202301161003/tools/bin/../lib/gcc/arm-none-eabi/10.3.1/thumb/v7e-m+fp/hard\libgcc.a
LOAD c:/st/stm32cubeide_1.12.0/stm32cubeide/plugins/com.st.stm32cube.ide.mcu.externaltools.gnu-tools-for-stm32.10.3-2021.10.win32_1.0.200.202301161003/tools/bin/../lib/gcc/arm-none-eabi/10.3.1/../../../../arm-none-eabi/lib/thumb/v7e-m+fp/hard\libc_nano.a
LOAD c:/st/stm32cubeide_1.12.0/stm32cubeide/plugins/com.st.stm32cube.ide.mcu.externaltools.gnu-tools-for-stm32.10.3-2021.10.win32_1.0.200.202301161003/tools/bin/../lib/gcc/arm-none-eabi/10.3.1/../../../../arm-none-eabi/lib/thumb/v7e-m+fp/hard\libnosys.a
END GROUP
LOAD c:/st/stm32cubeide_1.12.0/stm32cubeide/plugins/com.st.stm32cube.ide.mcu.externaltools.gnu-tools-for-stm32.10.3-2021.10.win32_1.0.200.202301161003/tools/bin/../lib/gcc/arm-none-eabi/10.3.1/thumb/v7e-m+fp/hard/crtend.o
LOAD c:/st/stm32cubeide_1.12.0/stm32cubeide/plugins/com.st.stm32cube.ide.mcu.externaltools.gnu-tools-for-stm32.10.3-2021.10.win32_1.0.200.202301161003/tools/bin/../lib/gcc/arm-none-eabi/10.3.1/thumb/v7e-m+fp/hard/crtn.o
                0x0000000020020000                _estack = (ORIGIN (RAM) + LENGTH (RAM))
                0x0000000000000200                _Min_Heap_Size = 0x200
                0x0000000000000400                _Min_Stack_Size = 0x400

.isr_vector     0x0000000008000000      0x188
                0x0000000008000000                . = ALIGN (0x4)
 *(.isr_vector)
 .isr_vector    0x0000000008000000      0x188 ./Core/Startup/startup_stm32f407vgtx.o
                0x0000000008000000                g_pfnVectors
                0x0000000008000188                . = ALIGN (0x4)

.text           0x0000000008000188     0x7308
                0x0000000008000188                . = ALIGN (0x4)
 *(.text)
 .text          0x0000000008000188       0x40 c:/st/stm32cubeide_1.12.0/stm32cubeide/plugins/com.st.stm32cube.ide.mcu.externaltools.gnu-tools-for-stm32.10.3-2021.10.win32_1.0.200.202301161003/tools/bin/../lib/gcc/arm-none-eabi/10.3.1/thumb/v7e-m+fp/hard/crtbegin.o
 .text          0x00000000080001c8       0x30 c:/st/stm32cubeide_1.12.0/stm32cubeide/plugins/com.st.stm32cube.ide.mcu.externaltools.gnu-tools-for-stm32.10.3-2021.10.win32_1.0.200.202301161003/tools/bin/../lib/gcc/arm-none-eabi/10.3.1/thumb/v7e-m+fp/hard\libgcc.a(_aeabi_uldivmod.o)
                0x00000000080001c8                __aeabi_uldivmod
 .text          0x00000000080001f8      0x2d0 c:/st/stm32cubeide_1.12.0/stm32cubeide/plugins/com.st.stm32cube.ide.mcu.externaltools.gnu-tools-for-stm32.10.3-2021.10.win32_1.0.200.202301161003/tools/bin/../lib/gcc/arm-none-eabi/10.3.1/thumb/v7e-m+fp/hard\libgcc.a(_udivmoddi4.o)
                0x00000000080001f8                __udivmoddi4
 .text          0x00000000080004c8        0x4 c:/st/stm32cubeide_1.12.0/stm32cubeide/plugins/com.st.stm32cube.ide.mcu.externaltools.gnu-tools-for-stm32.10.3-2021.10.win32_1.0.200.202301161003/tools/bin/../lib/gcc/arm-none-eabi/10.3.1/thumb/v7e-m+fp/hard\libgcc.a(_dvmd_tls.o)
                0x00000000080004c8                __aeabi_idiv0
                0x00000000080004c8                __aeabi_ldiv0
 *(.text*)
 .text.function
                0x00000000080004cc       0x42 ./Core/Src/main.o
                0x00000000080004cc                function
 *fill*         0x000000000800050e        0x2 
 .text.CDC_Receive_FS
                0x0000000008000510       0x4c ./Core/Src/main.o
 .text.main     0x000000000800055c       0xf8 ./Core/Src/main.o
                0x000000000800055c                main
 .text.SystemClock_Config
                0x0000000008000654       0xc8 ./Core/Src/main.o
                0x0000000008000654                SystemClock_Config
 .text.MX_GPIO_Init
                0x000000000800071c       0x4c ./Core/Src/main.o
 .text.MX_TIM3_Init
                0x0000000008000768       0x64 ./Core/Src/main.o
 .text.Error_Handler
                0x00000000080007cc        0xe ./Core/Src/main.o
                0x00000000080007cc                Error_Handler
 *fill*         0x00000000080007da        0x2 
 .text.HAL_MspInit
                0x00000000080007dc       0x50 ./Core/Src/stm32f4xx_hal_msp.o
                0x00000000080007dc                HAL_MspInit
 .text.HAL_TIM_Base_MspInit
                0x000000000800082c       0x90 ./Core/Src/stm32f4xx_hal_msp.o
                0x000000000800082c                HAL_TIM_Base_MspInit
 .text.NMI_Handler
                0x00000000080008bc        0x6 ./Core/Src/stm32f4xx_it.o
                0x00000000080008bc                NMI_Handler
 .text.HardFault_Handler
                0x00000000080008c2        0x6 ./Core/Src/stm32f4xx_it.o
                0x00000000080008c2                HardFault_Handler
 .text.MemManage_Handler
                0x00000000080008c8        0x6 ./Core/Src/stm32f4xx_it.o
                0x00000000080008c8                MemManage_Handler
 .text.BusFault_Handler
                0x00000000080008ce        0x6 ./Core/Src/stm32f4xx_it.o
                0x00000000080008ce                BusFault_Handler
 .text.UsageFault_Handler
                0x00000000080008d4        0x6 ./Core/Src/stm32f4xx_it.o
                0x00000000080008d4                UsageFault_Handler
 .text.SVC_Handler
                0x00000000080008da        0xe ./Core/Src/stm32f4xx_it.o
                0x00000000080008da                SVC_Handler
 .text.DebugMon_Handler
                0x00000000080008e8        0xe ./Core/Src/stm32f4xx_it.o
                0x00000000080008e8                DebugMon_Handler
 .text.PendSV_Handler
                0x00000000080008f6        0xe ./Core/Src/stm32f4xx_it.o
                0x00000000080008f6                PendSV_Handler
 .text.SysTick_Handler
                0x0000000008000904        0xc ./Core/Src/stm32f4xx_it.o
                0x0000000008000904                SysTick_Handler
 .text.OTG_FS_IRQHandler
                0x0000000008000910       0x14 ./Core/Src/stm32f4xx_it.o
                0x0000000008000910                OTG_FS_IRQHandler
 .text.SystemInit
                0x0000000008000924       0x24 ./Core/Src/system_stm32f4xx.o
                0x0000000008000924                SystemInit
 .text.Reset_Handler
                0x0000000008000948       0x50 ./Core/Startup/startup_stm32f407vgtx.o
                0x0000000008000948                Reset_Handler
 .text.Default_Handler
                0x0000000008000998        0x2 ./Core/Startup/startup_stm32f407vgtx.o
                0x0000000008000998                RTC_Alarm_IRQHandler
                0x0000000008000998                HASH_RNG_IRQHandler
                0x0000000008000998                EXTI2_IRQHandler
                0x0000000008000998                TIM8_CC_IRQHandler
                0x0000000008000998                TIM1_CC_IRQHandler
                0x0000000008000998                DMA2_Stream5_IRQHandler
                0x0000000008000998                DMA1_Stream5_IRQHandler
                0x0000000008000998                PVD_IRQHandler
                0x0000000008000998                SDIO_IRQHandler
                0x0000000008000998                TAMP_STAMP_IRQHandler
                0x0000000008000998                CAN2_RX1_IRQHandler
                0x0000000008000998                EXTI3_IRQHandler
                0x0000000008000998                TIM8_TRG_COM_TIM14_IRQHandler
                0x0000000008000998                TIM1_UP_TIM10_IRQHandler
                0x0000000008000998                TIM8_UP_TIM13_IRQHandler
                0x0000000008000998                I2C3_ER_IRQHandler
                0x0000000008000998                EXTI0_IRQHandler
                0x0000000008000998                I2C2_EV_IRQHandler
                0x0000000008000998                DMA1_Stream2_IRQHandler
                0x0000000008000998                CAN1_RX0_IRQHandler
                0x0000000008000998                FPU_IRQHandler
                0x0000000008000998                OTG_HS_WKUP_IRQHandler
                0x0000000008000998                CAN2_SCE_IRQHandler
                0x0000000008000998                DMA2_Stream2_IRQHandler
                0x0000000008000998                SPI1_IRQHandler
                0x0000000008000998                TIM6_DAC_IRQHandler
                0x0000000008000998                TIM1_BRK_TIM9_IRQHandler
                0x0000000008000998                DCMI_IRQHandler
                0x0000000008000998                CAN2_RX0_IRQHandler
                0x0000000008000998                DMA2_Stream3_IRQHandler
                0x0000000008000998                USART6_IRQHandler
                0x0000000008000998                USART3_IRQHandler
                0x0000000008000998                CAN1_RX1_IRQHandler
                0x0000000008000998                UART5_IRQHandler
                0x0000000008000998                DMA2_Stream0_IRQHandler
                0x0000000008000998                TIM4_IRQHandler
                0x0000000008000998                I2C1_EV_IRQHandler
                0x0000000008000998                DMA1_Stream6_IRQHandler
                0x0000000008000998                DMA1_Stream1_IRQHandler
                0x0000000008000998                UART4_IRQHandler
                0x0000000008000998                TIM3_IRQHandler
                0x0000000008000998                RCC_IRQHandler
                0x0000000008000998                TIM8_BRK_TIM12_IRQHandler
                0x0000000008000998                Default_Handler
                0x0000000008000998                EXTI15_10_IRQHandler
                0x0000000008000998                ADC_IRQHandler
                0x0000000008000998                DMA1_Stream7_IRQHandler
                0x0000000008000998                TIM7_IRQHandler
                0x0000000008000998                CAN2_TX_IRQHandler
                0x0000000008000998                TIM5_IRQHandler
                0x0000000008000998                DMA2_Stream7_IRQHandler
                0x0000000008000998                I2C3_EV_IRQHandler
                0x0000000008000998                EXTI9_5_IRQHandler
                0x0000000008000998                RTC_WKUP_IRQHandler
                0x0000000008000998                ETH_WKUP_IRQHandler
                0x0000000008000998                SPI2_IRQHandler
                0x0000000008000998                OTG_HS_EP1_IN_IRQHandler
                0x0000000008000998                DMA1_Stream0_IRQHandler
                0x0000000008000998                CAN1_TX_IRQHandler
                0x0000000008000998                EXTI4_IRQHandler
                0x0000000008000998                FSMC_IRQHandler
                0x0000000008000998                ETH_IRQHandler
                0x0000000008000998                OTG_HS_EP1_OUT_IRQHandler
                0x0000000008000998                WWDG_IRQHandler
                0x0000000008000998                TIM2_IRQHandler
                0x0000000008000998                OTG_FS_WKUP_IRQHandler
                0x0000000008000998                TIM1_TRG_COM_TIM11_IRQHandler
                0x0000000008000998                OTG_HS_IRQHandler
                0x0000000008000998                EXTI1_IRQHandler
                0x0000000008000998                USART2_IRQHandler
                0x0000000008000998                I2C2_ER_IRQHandler
                0x0000000008000998                DMA2_Stream1_IRQHandler
                0x0000000008000998                CAN1_SCE_IRQHandler
                0x0000000008000998                FLASH_IRQHandler
                0x0000000008000998                DMA2_Stream4_IRQHandler
                0x0000000008000998                USART1_IRQHandler
                0x0000000008000998                SPI3_IRQHandler
                0x0000000008000998                DMA1_Stream4_IRQHandler
                0x0000000008000998                I2C1_ER_IRQHandler
                0x0000000008000998                DMA2_Stream6_IRQHandler
                0x0000000008000998                DMA1_Stream3_IRQHandler
 *fill*         0x000000000800099a        0x2 
 .text.HAL_Init
                0x000000000800099c       0x44 ./Drivers/STM32F4xx_HAL_Driver/Src/stm32f4xx_hal.o
                0x000000000800099c                HAL_Init
 .text.HAL_InitTick
                0x00000000080009e0       0x60 ./Drivers/STM32F4xx_HAL_Driver/Src/stm32f4xx_hal.o
                0x00000000080009e0                HAL_InitTick
 .text.HAL_IncTick
                0x0000000008000a40       0x28 ./Drivers/STM32F4xx_HAL_Driver/Src/stm32f4xx_hal.o
                0x0000000008000a40                HAL_IncTick
 .text.HAL_GetTick
                0x0000000008000a68       0x18 ./Drivers/STM32F4xx_HAL_Driver/Src/stm32f4xx_hal.o
                0x0000000008000a68                HAL_GetTick
 .text.HAL_Delay
                0x0000000008000a80       0x48 ./Drivers/STM32F4xx_HAL_Driver/Src/stm32f4xx_hal.o
                0x0000000008000a80                HAL_Delay
 .text.__NVIC_SetPriorityGrouping
                0x0000000008000ac8       0x48 ./Drivers/STM32F4xx_HAL_Driver/Src/stm32f4xx_hal_cortex.o
 .text.__NVIC_GetPriorityGrouping
                0x0000000008000b10       0x1c ./Drivers/STM32F4xx_HAL_Driver/Src/stm32f4xx_hal_cortex.o
 .text.__NVIC_EnableIRQ
                0x0000000008000b2c       0x3c ./Drivers/STM32F4xx_HAL_Driver/Src/stm32f4xx_hal_cortex.o
 .text.__NVIC_SetPriority
                0x0000000008000b68       0x54 ./Drivers/STM32F4xx_HAL_Driver/Src/stm32f4xx_hal_cortex.o
 .text.NVIC_EncodePriority
                0x0000000008000bbc       0x66 ./Drivers/STM32F4xx_HAL_Driver/Src/stm32f4xx_hal_cortex.o
 *fill*         0x0000000008000c22        0x2 
 .text.SysTick_Config
                0x0000000008000c24       0x44 ./Drivers/STM32F4xx_HAL_Driver/Src/stm32f4xx_hal_cortex.o
 .text.HAL_NVIC_SetPriorityGrouping
                0x0000000008000c68       0x16 ./Drivers/STM32F4xx_HAL_Driver/Src/stm32f4xx_hal_cortex.o
                0x0000000008000c68                HAL_NVIC_SetPriorityGrouping
 .text.HAL_NVIC_SetPriority
                0x0000000008000c7e       0x38 ./Drivers/STM32F4xx_HAL_Driver/Src/stm32f4xx_hal_cortex.o
                0x0000000008000c7e                HAL_NVIC_SetPriority
 .text.HAL_NVIC_EnableIRQ
                0x0000000008000cb6       0x1c ./Drivers/STM32F4xx_HAL_Driver/Src/stm32f4xx_hal_cortex.o
                0x0000000008000cb6                HAL_NVIC_EnableIRQ
 .text.HAL_SYSTICK_Config
                0x0000000008000cd2       0x18 ./Drivers/STM32F4xx_HAL_Driver/Src/stm32f4xx_hal_cortex.o
                0x0000000008000cd2                HAL_SYSTICK_Config
 *fill*         0x0000000008000cea        0x2 
 .text.HAL_SYSTICK_CLKSourceConfig
                0x0000000008000cec       0x38 ./Drivers/STM32F4xx_HAL_Driver/Src/stm32f4xx_hal_cortex.o
                0x0000000008000cec                HAL_SYSTICK_CLKSourceConfig
 .text.HAL_GPIO_Init
                0x0000000008000d24      0x338 ./Drivers/STM32F4xx_HAL_Driver/Src/stm32f4xx_hal_gpio.o
                0x0000000008000d24                HAL_GPIO_Init
 .text.HAL_GPIO_ReadPin
                0x000000000800105c       0x30 ./Drivers/STM32F4xx_HAL_Driver/Src/stm32f4xx_hal_gpio.o
                0x000000000800105c                HAL_GPIO_ReadPin
 .text.HAL_GPIO_WritePin
                0x000000000800108c       0x32 ./Drivers/STM32F4xx_HAL_Driver/Src/stm32f4xx_hal_gpio.o
                0x000000000800108c                HAL_GPIO_WritePin
 .text.HAL_PCD_Init
                0x00000000080010be      0x23a ./Drivers/STM32F4xx_HAL_Driver/Src/stm32f4xx_hal_pcd.o
                0x00000000080010be                HAL_PCD_Init
 .text.HAL_PCD_Start
                0x00000000080012f8       0x66 ./Drivers/STM32F4xx_HAL_Driver/Src/stm32f4xx_hal_pcd.o
                0x00000000080012f8                HAL_PCD_Start
 .text.HAL_PCD_IRQHandler
                0x000000000800135e      0x93e ./Drivers/STM32F4xx_HAL_Driver/Src/stm32f4xx_hal_pcd.o
                0x000000000800135e                HAL_PCD_IRQHandler
 .text.HAL_PCD_SetAddress
                0x0000000008001c9c       0x4a ./Drivers/STM32F4xx_HAL_Driver/Src/stm32f4xx_hal_pcd.o
                0x0000000008001c9c                HAL_PCD_SetAddress
 .text.HAL_PCD_EP_Open
                0x0000000008001ce6       0xd0 ./Drivers/STM32F4xx_HAL_Driver/Src/stm32f4xx_hal_pcd.o
                0x0000000008001ce6                HAL_PCD_EP_Open
 .text.HAL_PCD_EP_Close
                0x0000000008001db6       0x94 ./Drivers/STM32F4xx_HAL_Driver/Src/stm32f4xx_hal_pcd.o
                0x0000000008001db6                HAL_PCD_EP_Close
 .text.HAL_PCD_EP_Receive
                0x0000000008001e4a       0x96 ./Drivers/STM32F4xx_HAL_Driver/Src/stm32f4xx_hal_pcd.o
                0x0000000008001e4a                HAL_PCD_EP_Receive
 .text.HAL_PCD_EP_GetRxCount
                0x0000000008001ee0       0x30 ./Drivers/STM32F4xx_HAL_Driver/Src/stm32f4xx_hal_pcd.o
                0x0000000008001ee0                HAL_PCD_EP_GetRxCount
 .text.HAL_PCD_EP_Transmit
                0x0000000008001f10       0x94 ./Drivers/STM32F4xx_HAL_Driver/Src/stm32f4xx_hal_pcd.o
                0x0000000008001f10                HAL_PCD_EP_Transmit
 .text.HAL_PCD_EP_SetStall
                0x0000000008001fa4       0xc8 ./Drivers/STM32F4xx_HAL_Driver/Src/stm32f4xx_hal_pcd.o
                0x0000000008001fa4                HAL_PCD_EP_SetStall
 .text.HAL_PCD_EP_ClrStall
                0x000000000800206c       0xac ./Drivers/STM32F4xx_HAL_Driver/Src/stm32f4xx_hal_pcd.o
                0x000000000800206c                HAL_PCD_EP_ClrStall
 .text.HAL_PCD_EP_Abort
                0x0000000008002118       0x62 ./Drivers/STM32F4xx_HAL_Driver/Src/stm32f4xx_hal_pcd.o
                0x0000000008002118                HAL_PCD_EP_Abort
 .text.PCD_WriteEmptyTxFifo
                0x000000000800217a      0x11a ./Drivers/STM32F4xx_HAL_Driver/Src/stm32f4xx_hal_pcd.o
 .text.PCD_EP_OutXfrComplete_int
                0x0000000008002294      0x1d0 ./Drivers/STM32F4xx_HAL_Driver/Src/stm32f4xx_hal_pcd.o
 .text.PCD_EP_OutSetupPacket_int
                0x0000000008002464       0x8c ./Drivers/STM32F4xx_HAL_Driver/Src/stm32f4xx_hal_pcd.o
 .text.HAL_PCDEx_SetTxFiFo
                0x00000000080024f0       0x8e ./Drivers/STM32F4xx_HAL_Driver/Src/stm32f4xx_hal_pcd_ex.o
                0x00000000080024f0                HAL_PCDEx_SetTxFiFo
 .text.HAL_PCDEx_SetRxFiFo
                0x000000000800257e       0x22 ./Drivers/STM32F4xx_HAL_Driver/Src/stm32f4xx_hal_pcd_ex.o
                0x000000000800257e                HAL_PCDEx_SetRxFiFo
 .text.HAL_PCDEx_LPM_Callback
                0x00000000080025a0       0x18 ./Drivers/STM32F4xx_HAL_Driver/Src/stm32f4xx_hal_pcd_ex.o
                0x00000000080025a0                HAL_PCDEx_LPM_Callback
 .text.HAL_RCC_OscConfig
                0x00000000080025b8      0x4f0 ./Drivers/STM32F4xx_HAL_Driver/Src/stm32f4xx_hal_rcc.o
                0x00000000080025b8                HAL_RCC_OscConfig
 .text.HAL_RCC_ClockConfig
                0x0000000008002aa8      0x1cc ./Drivers/STM32F4xx_HAL_Driver/Src/stm32f4xx_hal_rcc.o
                0x0000000008002aa8                HAL_RCC_ClockConfig
 .text.HAL_RCC_GetSysClockFreq
                0x0000000008002c74      0x18c ./Drivers/STM32F4xx_HAL_Driver/Src/stm32f4xx_hal_rcc.o
                0x0000000008002c74                HAL_RCC_GetSysClockFreq
 .text.HAL_RCC_GetHCLKFreq
                0x0000000008002e00       0x18 ./Drivers/STM32F4xx_HAL_Driver/Src/stm32f4xx_hal_rcc.o
                0x0000000008002e00                HAL_RCC_GetHCLKFreq
 .text.HAL_TIM_Base_Init
                0x0000000008002e18       0x9e ./Drivers/STM32F4xx_HAL_Driver/Src/stm32f4xx_hal_tim.o
                0x0000000008002e18                HAL_TIM_Base_Init
 *fill*         0x0000000008002eb6        0x2 
 .text.HAL_TIM_Base_Start
                0x0000000008002eb8       0xd0 ./Drivers/STM32F4xx_HAL_Driver/Src/stm32f4xx_hal_tim.o
                0x0000000008002eb8                HAL_TIM_Base_Start
 .text.TIM_Base_SetConfig
                0x0000000008002f88      0x140 ./Drivers/STM32F4xx_HAL_Driver/Src/stm32f4xx_hal_tim.o
                0x0000000008002f88                TIM_Base_SetConfig
 .text.HAL_TIMEx_MasterConfigSynchronization
                0x00000000080030c8       0xf8 ./Drivers/STM32F4xx_HAL_Driver/Src/stm32f4xx_hal_tim_ex.o
                0x00000000080030c8                HAL_TIMEx_MasterConfigSynchronization
 .text.USB_CoreInit
                0x00000000080031c0       0xc2 ./Drivers/STM32F4xx_HAL_Driver/Src/stm32f4xx_ll_usb.o
                0x00000000080031c0                USB_CoreInit
 *fill*         0x0000000008003282        0x2 
 .text.USB_SetTurnaroundTime
                0x0000000008003284      0x144 ./Drivers/STM32F4xx_HAL_Driver/Src/stm32f4xx_ll_usb.o
                0x0000000008003284                USB_SetTurnaroundTime
 .text.USB_EnableGlobalInt
                0x00000000080033c8       0x22 ./Drivers/STM32F4xx_HAL_Driver/Src/stm32f4xx_ll_usb.o
                0x00000000080033c8                USB_EnableGlobalInt
 .text.USB_DisableGlobalInt
                0x00000000080033ea       0x22 ./Drivers/STM32F4xx_HAL_Driver/Src/stm32f4xx_ll_usb.o
                0x00000000080033ea                USB_DisableGlobalInt
 .text.USB_SetCurrentMode
                0x000000000800340c       0x98 ./Drivers/STM32F4xx_HAL_Driver/Src/stm32f4xx_ll_usb.o
                0x000000000800340c                USB_SetCurrentMode
 .text.USB_DevInit
                0x00000000080034a4      0x2c8 ./Drivers/STM32F4xx_HAL_Driver/Src/stm32f4xx_ll_usb.o
                0x00000000080034a4                USB_DevInit
 .text.USB_FlushTxFifo
                0x000000000800376c       0x68 ./Drivers/STM32F4xx_HAL_Driver/Src/stm32f4xx_ll_usb.o
                0x000000000800376c                USB_FlushTxFifo
 .text.USB_FlushRxFifo
                0x00000000080037d4       0x60 ./Drivers/STM32F4xx_HAL_Driver/Src/stm32f4xx_ll_usb.o
                0x00000000080037d4                USB_FlushRxFifo
 .text.USB_SetDevSpeed
                0x0000000008003834       0x32 ./Drivers/STM32F4xx_HAL_Driver/Src/stm32f4xx_ll_usb.o
                0x0000000008003834                USB_SetDevSpeed
 .text.USB_GetDevSpeed
                0x0000000008003866       0x4a ./Drivers/STM32F4xx_HAL_Driver/Src/stm32f4xx_ll_usb.o
                0x0000000008003866                USB_GetDevSpeed
 .text.USB_ActivateEndpoint
                0x00000000080038b0      0x10e ./Drivers/STM32F4xx_HAL_Driver/Src/stm32f4xx_ll_usb.o
                0x00000000080038b0                USB_ActivateEndpoint
 *fill*         0x00000000080039be        0x2 
 .text.USB_DeactivateEndpoint
                0x00000000080039c0      0x1b8 ./Drivers/STM32F4xx_HAL_Driver/Src/stm32f4xx_ll_usb.o
                0x00000000080039c0                USB_DeactivateEndpoint
 .text.USB_EPStartXfer
                0x0000000008003b78      0x490 ./Drivers/STM32F4xx_HAL_Driver/Src/stm32f4xx_ll_usb.o
                0x0000000008003b78                USB_EPStartXfer
 .text.USB_EP0StartXfer
                0x0000000008004008      0x2b0 ./Drivers/STM32F4xx_HAL_Driver/Src/stm32f4xx_ll_usb.o
                0x0000000008004008                USB_EP0StartXfer
 .text.USB_EPStopXfer
                0x00000000080042b8      0x154 ./Drivers/STM32F4xx_HAL_Driver/Src/stm32f4xx_ll_usb.o
                0x00000000080042b8                USB_EPStopXfer
 .text.USB_WritePacket
                0x000000000800440c       0x7c ./Drivers/STM32F4xx_HAL_Driver/Src/stm32f4xx_ll_usb.o
                0x000000000800440c                USB_WritePacket
 .text.USB_ReadPacket
                0x0000000008004488       0xb0 ./Drivers/STM32F4xx_HAL_Driver/Src/stm32f4xx_ll_usb.o
                0x0000000008004488                USB_ReadPacket
 .text.USB_EPSetStall
                0x0000000008004538       0xdc ./Drivers/STM32F4xx_HAL_Driver/Src/stm32f4xx_ll_usb.o
                0x0000000008004538                USB_EPSetStall
 .text.USB_EPClearStall
                0x0000000008004614       0xcc ./Drivers/STM32F4xx_HAL_Driver/Src/stm32f4xx_ll_usb.o
                0x0000000008004614                USB_EPClearStall
 .text.USB_SetDevAddress
                0x00000000080046e0       0x4c ./Drivers/STM32F4xx_HAL_Driver/Src/stm32f4xx_ll_usb.o
                0x00000000080046e0                USB_SetDevAddress
 .text.USB_DevConnect
                0x000000000800472c       0x42 ./Drivers/STM32F4xx_HAL_Driver/Src/stm32f4xx_ll_usb.o
                0x000000000800472c                USB_DevConnect
 .text.USB_DevDisconnect
                0x000000000800476e       0x42 ./Drivers/STM32F4xx_HAL_Driver/Src/stm32f4xx_ll_usb.o
                0x000000000800476e                USB_DevDisconnect
 .text.USB_ReadInterrupts
                0x00000000080047b0       0x26 ./Drivers/STM32F4xx_HAL_Driver/Src/stm32f4xx_ll_usb.o
                0x00000000080047b0                USB_ReadInterrupts
 .text.USB_ReadDevAllOutEpInterrupt
                0x00000000080047d6       0x34 ./Drivers/STM32F4xx_HAL_Driver/Src/stm32f4xx_ll_usb.o
                0x00000000080047d6                USB_ReadDevAllOutEpInterrupt
 .text.USB_ReadDevAllInEpInterrupt
                0x000000000800480a       0x34 ./Drivers/STM32F4xx_HAL_Driver/Src/stm32f4xx_ll_usb.o
                0x000000000800480a                USB_ReadDevAllInEpInterrupt
 .text.USB_ReadDevOutEPInterrupt
                0x000000000800483e       0x3c ./Drivers/STM32F4xx_HAL_Driver/Src/stm32f4xx_ll_usb.o
                0x000000000800483e                USB_ReadDevOutEPInterrupt
 .text.USB_ReadDevInEPInterrupt
                0x000000000800487a       0x5c ./Drivers/STM32F4xx_HAL_Driver/Src/stm32f4xx_ll_usb.o
                0x000000000800487a                USB_ReadDevInEPInterrupt
 .text.USB_GetMode
                0x00000000080048d6       0x1c ./Drivers/STM32F4xx_HAL_Driver/Src/stm32f4xx_ll_usb.o
                0x00000000080048d6                USB_GetMode
 .text.USB_ActivateSetup
                0x00000000080048f2       0x46 ./Drivers/STM32F4xx_HAL_Driver/Src/stm32f4xx_ll_usb.o
                0x00000000080048f2                USB_ActivateSetup
 .text.USB_EP0_OutStart
                0x0000000008004938       0xbc ./Drivers/STM32F4xx_HAL_Driver/Src/stm32f4xx_ll_usb.o
                0x0000000008004938                USB_EP0_OutStart
 .text.USB_CoreReset
                0x00000000080049f4       0x68 ./Drivers/STM32F4xx_HAL_Driver/Src/stm32f4xx_ll_usb.o
 .text.USBD_CDC_Init
                0x0000000008004a5c      0x1f0 ./Middlewares/ST/STM32_USB_Device_Library/Class/CDC/Src/usbd_cdc.o
 .text.USBD_CDC_DeInit
                0x0000000008004c4c      0x104 ./Middlewares/ST/STM32_USB_Device_Library/Class/CDC/Src/usbd_cdc.o
 .text.USBD_CDC_Setup
                0x0000000008004d50      0x1b8 ./Middlewares/ST/STM32_USB_Device_Library/Class/CDC/Src/usbd_cdc.o
 .text.USBD_CDC_DataIn
                0x0000000008004f08       0xfe ./Middlewares/ST/STM32_USB_Device_Library/Class/CDC/Src/usbd_cdc.o
 .text.USBD_CDC_DataOut
                0x0000000008005006       0x70 ./Middlewares/ST/STM32_USB_Device_Library/Class/CDC/Src/usbd_cdc.o
 .text.USBD_CDC_EP0_RxReady
                0x0000000008005076       0x76 ./Middlewares/ST/STM32_USB_Device_Library/Class/CDC/Src/usbd_cdc.o
 .text.USBD_CDC_GetFSCfgDesc
                0x00000000080050ec       0x70 ./Middlewares/ST/STM32_USB_Device_Library/Class/CDC/Src/usbd_cdc.o
 .text.USBD_CDC_GetHSCfgDesc
                0x000000000800515c       0x70 ./Middlewares/ST/STM32_USB_Device_Library/Class/CDC/Src/usbd_cdc.o
 .text.USBD_CDC_GetOtherSpeedCfgDesc
                0x00000000080051cc       0x70 ./Middlewares/ST/STM32_USB_Device_Library/Class/CDC/Src/usbd_cdc.o
 .text.USBD_CDC_GetDeviceQualifierDescriptor
                0x000000000800523c       0x20 ./Middlewares/ST/STM32_USB_Device_Library/Class/CDC/Src/usbd_cdc.o
                0x000000000800523c                USBD_CDC_GetDeviceQualifierDescriptor
 .text.USBD_CDC_RegisterInterface
                0x000000000800525c       0x34 ./Middlewares/ST/STM32_USB_Device_Library/Class/CDC/Src/usbd_cdc.o
                0x000000000800525c                USBD_CDC_RegisterInterface
 .text.USBD_CDC_SetTxBuffer
                0x0000000008005290       0x44 ./Middlewares/ST/STM32_USB_Device_Library/Class/CDC/Src/usbd_cdc.o
                0x0000000008005290                USBD_CDC_SetTxBuffer
 .text.USBD_CDC_SetRxBuffer
                0x00000000080052d4       0x3a ./Middlewares/ST/STM32_USB_Device_Library/Class/CDC/Src/usbd_cdc.o
                0x00000000080052d4                USBD_CDC_SetRxBuffer
 *fill*         0x000000000800530e        0x2 
 .text.USBD_CDC_TransmitPacket
                0x0000000008005310       0x8c ./Middlewares/ST/STM32_USB_Device_Library/Class/CDC/Src/usbd_cdc.o
                0x0000000008005310                USBD_CDC_TransmitPacket
 .text.USBD_CDC_ReceivePacket
                0x000000000800539c       0x6c ./Middlewares/ST/STM32_USB_Device_Library/Class/CDC/Src/usbd_cdc.o
                0x000000000800539c                USBD_CDC_ReceivePacket
 .text.USBD_Init
                0x0000000008005408       0x60 ./Middlewares/ST/STM32_USB_Device_Library/Core/Src/usbd_core.o
                0x0000000008005408                USBD_Init
 .text.USBD_RegisterClass
                0x0000000008005468       0x6c ./Middlewares/ST/STM32_USB_Device_Library/Core/Src/usbd_core.o
                0x0000000008005468                USBD_RegisterClass
 .text.USBD_Start
                0x00000000080054d4       0x18 ./Middlewares/ST/STM32_USB_Device_Library/Core/Src/usbd_core.o
                0x00000000080054d4                USBD_Start
 .text.USBD_RunTestMode
                0x00000000080054ec       0x16 ./Middlewares/ST/STM32_USB_Device_Library/Core/Src/usbd_core.o
                0x00000000080054ec                USBD_RunTestMode
 .text.USBD_SetClassConfig
                0x0000000008005502       0x38 ./Middlewares/ST/STM32_USB_Device_Library/Core/Src/usbd_core.o
                0x0000000008005502                USBD_SetClassConfig
 .text.USBD_ClrClassConfig
                0x000000000800553a       0x34 ./Middlewares/ST/STM32_USB_Device_Library/Core/Src/usbd_core.o
                0x000000000800553a                USBD_ClrClassConfig
 .text.USBD_LL_SetupStage
                0x000000000800556e       0xaa ./Middlewares/ST/STM32_USB_Device_Library/Core/Src/usbd_core.o
                0x000000000800556e                USBD_LL_SetupStage
 .text.USBD_LL_DataOutStage
                0x0000000008005618      0x166 ./Middlewares/ST/STM32_USB_Device_Library/Core/Src/usbd_core.o
                0x0000000008005618                USBD_LL_DataOutStage
 .text.USBD_LL_DataInStage
                0x000000000800577e      0x164 ./Middlewares/ST/STM32_USB_Device_Library/Core/Src/usbd_core.o
                0x000000000800577e                USBD_LL_DataInStage
 .text.USBD_LL_Reset
                0x00000000080058e2       0xa4 ./Middlewares/ST/STM32_USB_Device_Library/Core/Src/usbd_core.o
                0x00000000080058e2                USBD_LL_Reset
 .text.USBD_LL_SetSpeed
                0x0000000008005986       0x20 ./Middlewares/ST/STM32_USB_Device_Library/Core/Src/usbd_core.o
                0x0000000008005986                USBD_LL_SetSpeed
 .text.USBD_LL_Suspend
                0x00000000080059a6       0x2c ./Middlewares/ST/STM32_USB_Device_Library/Core/Src/usbd_core.o
                0x00000000080059a6                USBD_LL_Suspend
 .text.USBD_LL_Resume
                0x00000000080059d2       0x30 ./Middlewares/ST/STM32_USB_Device_Library/Core/Src/usbd_core.o
                0x00000000080059d2                USBD_LL_Resume
 .text.USBD_LL_SOF
                0x0000000008005a02       0x40 ./Middlewares/ST/STM32_USB_Device_Library/Core/Src/usbd_core.o
                0x0000000008005a02                USBD_LL_SOF
 .text.USBD_LL_IsoINIncomplete
                0x0000000008005a42       0x64 ./Middlewares/ST/STM32_USB_Device_Library/Core/Src/usbd_core.o
                0x0000000008005a42                USBD_LL_IsoINIncomplete
 .text.USBD_LL_IsoOUTIncomplete
                0x0000000008005aa6       0x64 ./Middlewares/ST/STM32_USB_Device_Library/Core/Src/usbd_core.o
                0x0000000008005aa6                USBD_LL_IsoOUTIncomplete
 .text.USBD_LL_DevConnected
                0x0000000008005b0a       0x16 ./Middlewares/ST/STM32_USB_Device_Library/Core/Src/usbd_core.o
                0x0000000008005b0a                USBD_LL_DevConnected
 .text.USBD_LL_DevDisconnected
                0x0000000008005b20       0x46 ./Middlewares/ST/STM32_USB_Device_Library/Core/Src/usbd_core.o
                0x0000000008005b20                USBD_LL_DevDisconnected
 .text.USBD_CoreFindIF
                0x0000000008005b66       0x1a ./Middlewares/ST/STM32_USB_Device_Library/Core/Src/usbd_core.o
                0x0000000008005b66                USBD_CoreFindIF
 .text.USBD_CoreFindEP
                0x0000000008005b80       0x1a ./Middlewares/ST/STM32_USB_Device_Library/Core/Src/usbd_core.o
                0x0000000008005b80                USBD_CoreFindEP
 .text.USBD_GetEpDesc
                0x0000000008005b9a       0x74 ./Middlewares/ST/STM32_USB_Device_Library/Core/Src/usbd_core.o
                0x0000000008005b9a                USBD_GetEpDesc
 .text.USBD_GetNextDesc
                0x0000000008005c0e       0x3a ./Middlewares/ST/STM32_USB_Device_Library/Core/Src/usbd_core.o
                0x0000000008005c0e                USBD_GetNextDesc
 .text.SWAPBYTE
                0x0000000008005c48       0x3c ./Middlewares/ST/STM32_USB_Device_Library/Core/Src/usbd_ctlreq.o
 .text.USBD_StdDevReq
                0x0000000008005c84       0xe4 ./Middlewares/ST/STM32_USB_Device_Library/Core/Src/usbd_ctlreq.o
                0x0000000008005c84                USBD_StdDevReq
 .text.USBD_StdItfReq
                0x0000000008005d68       0xd8 ./Middlewares/ST/STM32_USB_Device_Library/Core/Src/usbd_ctlreq.o
                0x0000000008005d68                USBD_StdItfReq
 .text.USBD_StdEPReq
                0x0000000008005e40      0x33a ./Middlewares/ST/STM32_USB_Device_Library/Core/Src/usbd_ctlreq.o
                0x0000000008005e40                USBD_StdEPReq
 *fill*         0x000000000800617a        0x2 
 .text.USBD_GetDescriptor
                0x000000000800617c      0x2d4 ./Middlewares/ST/STM32_USB_Device_Library/Core/Src/usbd_ctlreq.o
 .text.USBD_SetAddress
                0x0000000008006450       0x88 ./Middlewares/ST/STM32_USB_Device_Library/Core/Src/usbd_ctlreq.o
 .text.USBD_SetConfig
                0x00000000080064d8      0x154 ./Middlewares/ST/STM32_USB_Device_Library/Core/Src/usbd_ctlreq.o
 .text.USBD_GetConfig
                0x000000000800662c       0x6c ./Middlewares/ST/STM32_USB_Device_Library/Core/Src/usbd_ctlreq.o
 .text.USBD_GetStatus
                0x0000000008006698       0x68 ./Middlewares/ST/STM32_USB_Device_Library/Core/Src/usbd_ctlreq.o
 .text.USBD_SetFeature
                0x0000000008006700       0x52 ./Middlewares/ST/STM32_USB_Device_Library/Core/Src/usbd_ctlreq.o
 .text.USBD_ClrFeature
                0x0000000008006752       0x44 ./Middlewares/ST/STM32_USB_Device_Library/Core/Src/usbd_ctlreq.o
 .text.USBD_ParseSetupRequest
                0x0000000008006796       0x74 ./Middlewares/ST/STM32_USB_Device_Library/Core/Src/usbd_ctlreq.o
                0x0000000008006796                USBD_ParseSetupRequest
 .text.USBD_CtlError
                0x000000000800680a       0x22 ./Middlewares/ST/STM32_USB_Device_Library/Core/Src/usbd_ctlreq.o
                0x000000000800680a                USBD_CtlError
 .text.USBD_GetString
                0x000000000800682c       0x8c ./Middlewares/ST/STM32_USB_Device_Library/Core/Src/usbd_ctlreq.o
                0x000000000800682c                USBD_GetString
 .text.USBD_GetLen
                0x00000000080068b8       0x34 ./Middlewares/ST/STM32_USB_Device_Library/Core/Src/usbd_ctlreq.o
 .text.USBD_CtlSendData
                0x00000000080068ec       0x36 ./Middlewares/ST/STM32_USB_Device_Library/Core/Src/usbd_ioreq.o
                0x00000000080068ec                USBD_CtlSendData
 .text.USBD_CtlContinueSendData
                0x0000000008006922       0x22 ./Middlewares/ST/STM32_USB_Device_Library/Core/Src/usbd_ioreq.o
                0x0000000008006922                USBD_CtlContinueSendData
 .text.USBD_CtlPrepareRx
                0x0000000008006944       0x3a ./Middlewares/ST/STM32_USB_Device_Library/Core/Src/usbd_ioreq.o
                0x0000000008006944                USBD_CtlPrepareRx
 .text.USBD_CtlContinueRx
                0x000000000800697e       0x22 ./Middlewares/ST/STM32_USB_Device_Library/Core/Src/usbd_ioreq.o
                0x000000000800697e                USBD_CtlContinueRx
 .text.USBD_CtlSendStatus
                0x00000000080069a0       0x26 ./Middlewares/ST/STM32_USB_Device_Library/Core/Src/usbd_ioreq.o
                0x00000000080069a0                USBD_CtlSendStatus
 .text.USBD_CtlReceiveStatus
                0x00000000080069c6       0x26 ./Middlewares/ST/STM32_USB_Device_Library/Core/Src/usbd_ioreq.o
                0x00000000080069c6                USBD_CtlReceiveStatus
 .text.MX_USB_DEVICE_Init
                0x00000000080069ec       0x60 ./USB_DEVICE/App/usb_device.o
                0x00000000080069ec                MX_USB_DEVICE_Init
 .text.CDC_Init_FS
                0x0000000008006a4c       0x28 ./USB_DEVICE/App/usbd_cdc_if.o
 .text.CDC_DeInit_FS
                0x0000000008006a74       0x10 ./USB_DEVICE/App/usbd_cdc_if.o
 .text.CDC_Control_FS
                0x0000000008006a84       0xbc ./USB_DEVICE/App/usbd_cdc_if.o
 .text.CDC_Receive_FS
                0x0000000008006b40       0x28 ./USB_DEVICE/App/usbd_cdc_if.o
 .text.CDC_Transmit_FS
                0x0000000008006b68       0x4c ./USB_DEVICE/App/usbd_cdc_if.o
                0x0000000008006b68                CDC_Transmit_FS
 .text.CDC_TransmitCplt_FS
                0x0000000008006bb4       0x22 ./USB_DEVICE/App/usbd_cdc_if.o
 *fill*         0x0000000008006bd6        0x2 
 .text.USBD_FS_DeviceDescriptor
                0x0000000008006bd8       0x24 ./USB_DEVICE/App/usbd_desc.o
                0x0000000008006bd8                USBD_FS_DeviceDescriptor
 .text.USBD_FS_LangIDStrDescriptor
                0x0000000008006bfc       0x24 ./USB_DEVICE/App/usbd_desc.o
                0x0000000008006bfc                USBD_FS_LangIDStrDescriptor
 .text.USBD_FS_ProductStrDescriptor
                0x0000000008006c20       0x3c ./USB_DEVICE/App/usbd_desc.o
                0x0000000008006c20                USBD_FS_ProductStrDescriptor
 .text.USBD_FS_ManufacturerStrDescriptor
                0x0000000008006c5c       0x28 ./USB_DEVICE/App/usbd_desc.o
                0x0000000008006c5c                USBD_FS_ManufacturerStrDescriptor
 .text.USBD_FS_SerialStrDescriptor
                0x0000000008006c84       0x24 ./USB_DEVICE/App/usbd_desc.o
                0x0000000008006c84                USBD_FS_SerialStrDescriptor
 .text.USBD_FS_ConfigStrDescriptor
                0x0000000008006ca8       0x3c ./USB_DEVICE/App/usbd_desc.o
                0x0000000008006ca8                USBD_FS_ConfigStrDescriptor
 .text.USBD_FS_InterfaceStrDescriptor
                0x0000000008006ce4       0x3c ./USB_DEVICE/App/usbd_desc.o
                0x0000000008006ce4                USBD_FS_InterfaceStrDescriptor
 .text.Get_SerialNum
                0x0000000008006d20       0x58 ./USB_DEVICE/App/usbd_desc.o
 .text.IntToUnicode
                0x0000000008006d78       0x7e ./USB_DEVICE/App/usbd_desc.o
 *fill*         0x0000000008006df6        0x2 
 .text.HAL_PCD_MspInit
                0x0000000008006df8       0xa8 ./USB_DEVICE/Target/usbd_conf.o
                0x0000000008006df8                HAL_PCD_MspInit
 .text.HAL_PCD_SetupStageCallback
                0x0000000008006ea0       0x24 ./USB_DEVICE/Target/usbd_conf.o
                0x0000000008006ea0                HAL_PCD_SetupStageCallback
 .text.HAL_PCD_DataOutStageCallback
                0x0000000008006ec4       0x36 ./USB_DEVICE/Target/usbd_conf.o
                0x0000000008006ec4                HAL_PCD_DataOutStageCallback
 .text.HAL_PCD_DataInStageCallback
                0x0000000008006efa       0x34 ./USB_DEVICE/Target/usbd_conf.o
                0x0000000008006efa                HAL_PCD_DataInStageCallback
 .text.HAL_PCD_SOFCallback
                0x0000000008006f2e       0x1c ./USB_DEVICE/Target/usbd_conf.o
                0x0000000008006f2e                HAL_PCD_SOFCallback
 .text.HAL_PCD_ResetCallback
                0x0000000008006f4a       0x50 ./USB_DEVICE/Target/usbd_conf.o
                0x0000000008006f4a                HAL_PCD_ResetCallback
 *fill*         0x0000000008006f9a        0x2 
 .text.HAL_PCD_SuspendCallback
                0x0000000008006f9c       0x4c ./USB_DEVICE/Target/usbd_conf.o
                0x0000000008006f9c                HAL_PCD_SuspendCallback
 .text.HAL_PCD_ResumeCallback
                0x0000000008006fe8       0x1c ./USB_DEVICE/Target/usbd_conf.o
                0x0000000008006fe8                HAL_PCD_ResumeCallback
 .text.HAL_PCD_ISOOUTIncompleteCallback
                0x0000000008007004       0x24 ./USB_DEVICE/Target/usbd_conf.o
                0x0000000008007004                HAL_PCD_ISOOUTIncompleteCallback
 .text.HAL_PCD_ISOINIncompleteCallback
                0x0000000008007028       0x24 ./USB_DEVICE/Target/usbd_conf.o
                0x0000000008007028                HAL_PCD_ISOINIncompleteCallback
 .text.HAL_PCD_ConnectCallback
                0x000000000800704c       0x1c ./USB_DEVICE/Target/usbd_conf.o
                0x000000000800704c                HAL_PCD_ConnectCallback
 .text.HAL_PCD_DisconnectCallback
                0x0000000008007068       0x1c ./USB_DEVICE/Target/usbd_conf.o
                0x0000000008007068                HAL_PCD_DisconnectCallback
 .text.USBD_LL_Init
                0x0000000008007084       0x98 ./USB_DEVICE/Target/usbd_conf.o
                0x0000000008007084                USBD_LL_Init
 .text.USBD_LL_Start
                0x000000000800711c       0x36 ./USB_DEVICE/Target/usbd_conf.o
                0x000000000800711c                USBD_LL_Start
 .text.USBD_LL_OpenEP
                0x0000000008007152       0x4c ./USB_DEVICE/Target/usbd_conf.o
                0x0000000008007152                USBD_LL_OpenEP
 .text.USBD_LL_CloseEP
                0x000000000800719e       0x3e ./USB_DEVICE/Target/usbd_conf.o
                0x000000000800719e                USBD_LL_CloseEP
 .text.USBD_LL_StallEP
                0x00000000080071dc       0x3e ./USB_DEVICE/Target/usbd_conf.o
                0x00000000080071dc                USBD_LL_StallEP
 .text.USBD_LL_ClearStallEP
                0x000000000800721a       0x3e ./USB_DEVICE/Target/usbd_conf.o
                0x000000000800721a                USBD_LL_ClearStallEP
 .text.USBD_LL_IsStallEP
                0x0000000008007258       0x58 ./USB_DEVICE/Target/usbd_conf.o
                0x0000000008007258                USBD_LL_IsStallEP
 .text.USBD_LL_SetUSBAddress
                0x00000000080072b0       0x3e ./USB_DEVICE/Target/usbd_conf.o
                0x00000000080072b0                USBD_LL_SetUSBAddress
 .text.USBD_LL_Transmit
                0x00000000080072ee       0x42 ./USB_DEVICE/Target/usbd_conf.o
                0x00000000080072ee                USBD_LL_Transmit
 .text.USBD_LL_PrepareReceive
                0x0000000008007330       0x42 ./USB_DEVICE/Target/usbd_conf.o
                0x0000000008007330                USBD_LL_PrepareReceive
 .text.USBD_LL_GetRxDataSize
                0x0000000008007372       0x26 ./USB_DEVICE/Target/usbd_conf.o
                0x0000000008007372                USBD_LL_GetRxDataSize
 .text.USBD_static_malloc
                0x0000000008007398       0x1c ./USB_DEVICE/Target/usbd_conf.o
                0x0000000008007398                USBD_static_malloc
 .text.USBD_static_free
                0x00000000080073b4       0x14 ./USB_DEVICE/Target/usbd_conf.o
                0x00000000080073b4                USBD_static_free
 .text.USBD_Get_USB_Status
                0x00000000080073c8       0x58 ./USB_DEVICE/Target/usbd_conf.o
                0x00000000080073c8                USBD_Get_USB_Status
 .text.__libc_init_array
                0x0000000008007420       0x48 c:/st/stm32cubeide_1.12.0/stm32cubeide/plugins/com.st.stm32cube.ide.mcu.externaltools.gnu-tools-for-stm32.10.3-2021.10.win32_1.0.200.202301161003/tools/bin/../lib/gcc/arm-none-eabi/10.3.1/../../../../arm-none-eabi/lib/thumb/v7e-m+fp/hard\libc_nano.a(lib_a-init.o)
                0x0000000008007420                __libc_init_array
 .text.memset   0x0000000008007468       0x10 c:/st/stm32cubeide_1.12.0/stm32cubeide/plugins/com.st.stm32cube.ide.mcu.externaltools.gnu-tools-for-stm32.10.3-2021.10.win32_1.0.200.202301161003/tools/bin/../lib/gcc/arm-none-eabi/10.3.1/../../../../arm-none-eabi/lib/thumb/v7e-m+fp/hard\libc_nano.a(lib_a-memset.o)
                0x0000000008007468                memset
 *(.glue_7)
 .glue_7        0x0000000008007478        0x0 linker stubs
 *(.glue_7t)
 .glue_7t       0x0000000008007478        0x0 linker stubs
 *(.eh_frame)
 .eh_frame      0x0000000008007478        0x0 c:/st/stm32cubeide_1.12.0/stm32cubeide/plugins/com.st.stm32cube.ide.mcu.externaltools.gnu-tools-for-stm32.10.3-2021.10.win32_1.0.200.202301161003/tools/bin/../lib/gcc/arm-none-eabi/10.3.1/thumb/v7e-m+fp/hard/crtbegin.o
 *(.init)
 .init          0x0000000008007478        0x4 c:/st/stm32cubeide_1.12.0/stm32cubeide/plugins/com.st.stm32cube.ide.mcu.externaltools.gnu-tools-for-stm32.10.3-2021.10.win32_1.0.200.202301161003/tools/bin/../lib/gcc/arm-none-eabi/10.3.1/thumb/v7e-m+fp/hard/crti.o
                0x0000000008007478                _init
 .init          0x000000000800747c        0x8 c:/st/stm32cubeide_1.12.0/stm32cubeide/plugins/com.st.stm32cube.ide.mcu.externaltools.gnu-tools-for-stm32.10.3-2021.10.win32_1.0.200.202301161003/tools/bin/../lib/gcc/arm-none-eabi/10.3.1/thumb/v7e-m+fp/hard/crtn.o
 *(.fini)
 .fini          0x0000000008007484        0x4 c:/st/stm32cubeide_1.12.0/stm32cubeide/plugins/com.st.stm32cube.ide.mcu.externaltools.gnu-tools-for-stm32.10.3-2021.10.win32_1.0.200.202301161003/tools/bin/../lib/gcc/arm-none-eabi/10.3.1/thumb/v7e-m+fp/hard/crti.o
                0x0000000008007484                _fini
 .fini          0x0000000008007488        0x8 c:/st/stm32cubeide_1.12.0/stm32cubeide/plugins/com.st.stm32cube.ide.mcu.externaltools.gnu-tools-for-stm32.10.3-2021.10.win32_1.0.200.202301161003/tools/bin/../lib/gcc/arm-none-eabi/10.3.1/thumb/v7e-m+fp/hard/crtn.o
                0x0000000008007490                . = ALIGN (0x4)
                0x0000000008007490                _etext = .

.vfp11_veneer   0x0000000008007490        0x0
 .vfp11_veneer  0x0000000008007490        0x0 linker stubs

.v4_bx          0x0000000008007490        0x0
 .v4_bx         0x0000000008007490        0x0 linker stubs

.iplt           0x0000000008007490        0x0
 .iplt          0x0000000008007490        0x0 c:/st/stm32cubeide_1.12.0/stm32cubeide/plugins/com.st.stm32cube.ide.mcu.externaltools.gnu-tools-for-stm32.10.3-2021.10.win32_1.0.200.202301161003/tools/bin/../lib/gcc/arm-none-eabi/10.3.1/thumb/v7e-m+fp/hard/crtbegin.o

.rodata         0x0000000008007490       0x6c
                0x0000000008007490                . = ALIGN (0x4)
 *(.rodata)
 .rodata        0x0000000008007490       0x11 ./Core/Src/main.o
 *fill*         0x00000000080074a1        0x3 
 .rodata        0x00000000080074a4       0x46 ./USB_DEVICE/App/usbd_desc.o
 *(.rodata*)
 *fill*         0x00000000080074ea        0x2 
 .rodata.AHBPrescTable
                0x00000000080074ec       0x10 ./Core/Src/system_stm32f4xx.o
                0x00000000080074ec                AHBPrescTable
                0x00000000080074fc                . = ALIGN (0x4)

.ARM.extab      0x00000000080074fc        0x0
                0x00000000080074fc                . = ALIGN (0x4)
 *(.ARM.extab* .gnu.linkonce.armextab.*)
                0x00000000080074fc                . = ALIGN (0x4)

.ARM            0x00000000080074fc        0x8
                0x00000000080074fc                . = ALIGN (0x4)
                0x00000000080074fc                __exidx_start = .
 *(.ARM.exidx*)
 .ARM.exidx     0x00000000080074fc        0x8 c:/st/stm32cubeide_1.12.0/stm32cubeide/plugins/com.st.stm32cube.ide.mcu.externaltools.gnu-tools-for-stm32.10.3-2021.10.win32_1.0.200.202301161003/tools/bin/../lib/gcc/arm-none-eabi/10.3.1/thumb/v7e-m+fp/hard\libgcc.a(_udivmoddi4.o)
                0x0000000008007504                __exidx_end = .
                0x0000000008007504                . = ALIGN (0x4)

.rel.dyn        0x0000000008007504        0x0
 .rel.iplt      0x0000000008007504        0x0 c:/st/stm32cubeide_1.12.0/stm32cubeide/plugins/com.st.stm32cube.ide.mcu.externaltools.gnu-tools-for-stm32.10.3-2021.10.win32_1.0.200.202301161003/tools/bin/../lib/gcc/arm-none-eabi/10.3.1/thumb/v7e-m+fp/hard/crtbegin.o

.preinit_array  0x0000000008007504        0x0
                0x0000000008007504                . = ALIGN (0x4)
                0x0000000008007504                PROVIDE (__preinit_array_start = .)
 *(.preinit_array*)
                0x0000000008007504                PROVIDE (__preinit_array_end = .)
                0x0000000008007504                . = ALIGN (0x4)

.init_array     0x0000000008007504        0x4
                0x0000000008007504                . = ALIGN (0x4)
                0x0000000008007504                PROVIDE (__init_array_start = .)
 *(SORT_BY_NAME(.init_array.*))
 *(.init_array*)
 .init_array    0x0000000008007504        0x4 c:/st/stm32cubeide_1.12.0/stm32cubeide/plugins/com.st.stm32cube.ide.mcu.externaltools.gnu-tools-for-stm32.10.3-2021.10.win32_1.0.200.202301161003/tools/bin/../lib/gcc/arm-none-eabi/10.3.1/thumb/v7e-m+fp/hard/crtbegin.o
                0x0000000008007508                PROVIDE (__init_array_end = .)
                0x0000000008007508                . = ALIGN (0x4)

.fini_array     0x0000000008007508        0x4
                0x0000000008007508                . = ALIGN (0x4)
                [!provide]                        PROVIDE (__fini_array_start = .)
 *(SORT_BY_NAME(.fini_array.*))
 *(.fini_array*)
 .fini_array    0x0000000008007508        0x4 c:/st/stm32cubeide_1.12.0/stm32cubeide/plugins/com.st.stm32cube.ide.mcu.externaltools.gnu-tools-for-stm32.10.3-2021.10.win32_1.0.200.202301161003/tools/bin/../lib/gcc/arm-none-eabi/10.3.1/thumb/v7e-m+fp/hard/crtbegin.o
                [!provide]                        PROVIDE (__fini_array_end = .)
                0x000000000800750c                . = ALIGN (0x4)
                0x000000000800750c                _sidata = LOADADDR (.data)

.data           0x0000000020000000      0x100 load address 0x000000000800750c
                0x0000000020000000                . = ALIGN (0x4)
                0x0000000020000000                _sdata = .
 *(.data)
 *(.data*)
 .data.outputChar
                0x0000000020000000        0x1 ./Core/Src/main.o
                0x0000000020000000                outputChar
 *fill*         0x0000000020000001        0x3 
 .data.SystemCoreClock
                0x0000000020000004        0x4 ./Core/Src/system_stm32f4xx.o
                0x0000000020000004                SystemCoreClock
 .data.uwTickPrio
                0x0000000020000008        0x4 ./Drivers/STM32F4xx_HAL_Driver/Src/stm32f4xx_hal.o
                0x0000000020000008                uwTickPrio
 .data.uwTickFreq
                0x000000002000000c        0x1 ./Drivers/STM32F4xx_HAL_Driver/Src/stm32f4xx_hal.o
                0x000000002000000c                uwTickFreq
 *fill*         0x000000002000000d        0x3 
 .data.USBD_CDC_DeviceQualifierDesc
                0x0000000020000010        0xa ./Middlewares/ST/STM32_USB_Device_Library/Class/CDC/Src/usbd_cdc.o
 *fill*         0x000000002000001a        0x2 
 .data.USBD_CDC
                0x000000002000001c       0x38 ./Middlewares/ST/STM32_USB_Device_Library/Class/CDC/Src/usbd_cdc.o
                0x000000002000001c                USBD_CDC
 .data.USBD_CDC_CfgDesc
                0x0000000020000054       0x43 ./Middlewares/ST/STM32_USB_Device_Library/Class/CDC/Src/usbd_cdc.o
 .data.CDCInEpAdd
                0x0000000020000097        0x1 ./Middlewares/ST/STM32_USB_Device_Library/Class/CDC/Src/usbd_cdc.o
 .data.CDCOutEpAdd
                0x0000000020000098        0x1 ./Middlewares/ST/STM32_USB_Device_Library/Class/CDC/Src/usbd_cdc.o
 .data.CDCCmdEpAdd
                0x0000000020000099        0x1 ./Middlewares/ST/STM32_USB_Device_Library/Class/CDC/Src/usbd_cdc.o
 *fill*         0x000000002000009a        0x2 
 .data.USBD_Interface_fops_FS
                0x000000002000009c       0x14 ./USB_DEVICE/App/usbd_cdc_if.o
                0x000000002000009c                USBD_Interface_fops_FS
 .data.FS_Desc  0x00000000200000b0       0x1c ./USB_DEVICE/App/usbd_desc.o
                0x00000000200000b0                FS_Desc
 .data.USBD_FS_DeviceDesc
                0x00000000200000cc       0x12 ./USB_DEVICE/App/usbd_desc.o
                0x00000000200000cc                USBD_FS_DeviceDesc
 *fill*         0x00000000200000de        0x2 
 .data.USBD_LangIDDesc
                0x00000000200000e0        0x4 ./USB_DEVICE/App/usbd_desc.o
                0x00000000200000e0                USBD_LangIDDesc
 .data.USBD_StringSerial
                0x00000000200000e4       0x1a ./USB_DEVICE/App/usbd_desc.o
                0x00000000200000e4                USBD_StringSerial
 *(.RamFunc)
 *(.RamFunc*)
                0x0000000020000100                . = ALIGN (0x4)
 *fill*         0x00000000200000fe        0x2 
                0x0000000020000100                _edata = .
                0x000000000800760c                _siccmram = LOADADDR (.ccmram)

.igot.plt       0x0000000020000100        0x0 load address 0x000000000800760c
 .igot.plt      0x0000000020000100        0x0 c:/st/stm32cubeide_1.12.0/stm32cubeide/plugins/com.st.stm32cube.ide.mcu.externaltools.gnu-tools-for-stm32.10.3-2021.10.win32_1.0.200.202301161003/tools/bin/../lib/gcc/arm-none-eabi/10.3.1/thumb/v7e-m+fp/hard/crtbegin.o

.ccmram         0x0000000010000000        0x0 load address 0x000000000800760c
                0x0000000010000000                . = ALIGN (0x4)
                0x0000000010000000                _sccmram = .
 *(.ccmram)
 *(.ccmram*)
                0x0000000010000000                . = ALIGN (0x4)
                0x0000000010000000                _eccmram = .
                0x0000000010000000                . = ALIGN (0x4)

.bss            0x0000000020000100     0x1c78
                0x0000000020000100                _sbss = .
                0x0000000020000100                __bss_start__ = _sbss
 *(.bss)
 .bss           0x0000000020000100       0x1c c:/st/stm32cubeide_1.12.0/stm32cubeide/plugins/com.st.stm32cube.ide.mcu.externaltools.gnu-tools-for-stm32.10.3-2021.10.win32_1.0.200.202301161003/tools/bin/../lib/gcc/arm-none-eabi/10.3.1/thumb/v7e-m+fp/hard/crtbegin.o
 *(.bss*)
 .bss.htim3     0x000000002000011c       0x48 ./Core/Src/main.o
                0x000000002000011c                htim3
 .bss.inputChar
                0x0000000020000164        0x1 ./Core/Src/main.o
                0x0000000020000164                inputChar
 *fill*         0x0000000020000165        0x3 
 .bss.uwTick    0x0000000020000168        0x4 ./Drivers/STM32F4xx_HAL_Driver/Src/stm32f4xx_hal.o
                0x0000000020000168                uwTick
 .bss.cfgidx.0  0x000000002000016c        0x1 ./Middlewares/ST/STM32_USB_Device_Library/Core/Src/usbd_ctlreq.o
 *fill*         0x000000002000016d        0x3 
 .bss.hUsbDeviceFS
                0x0000000020000170      0x2dc ./USB_DEVICE/App/usb_device.o
                0x0000000020000170                hUsbDeviceFS
 .bss.UserRxBufferFS
                0x000000002000044c      0x800 ./USB_DEVICE/App/usbd_cdc_if.o
                0x000000002000044c                UserRxBufferFS
 .bss.UserTxBufferFS
                0x0000000020000c4c      0x800 ./USB_DEVICE/App/usbd_cdc_if.o
                0x0000000020000c4c                UserTxBufferFS
 .bss.USBD_StrDesc
                0x000000002000144c      0x200 ./USB_DEVICE/App/usbd_desc.o
                0x000000002000144c                USBD_StrDesc
 .bss.hpcd_USB_OTG_FS
                0x000000002000164c      0x50c ./USB_DEVICE/Target/usbd_conf.o
                0x000000002000164c                hpcd_USB_OTG_FS
 .bss.mem.0     0x0000000020001b58      0x220 ./USB_DEVICE/Target/usbd_conf.o
 *(COMMON)
                0x0000000020001d78                . = ALIGN (0x4)
                0x0000000020001d78                _ebss = .
                0x0000000020001d78                __bss_end__ = _ebss

._user_heap_stack
                0x0000000020001d78      0x600
                0x0000000020001d78                . = ALIGN (0x8)
                [!provide]                        PROVIDE (end = .)
                0x0000000020001d78                PROVIDE (_end = .)
                0x0000000020001f78                . = (. + _Min_Heap_Size)
 *fill*         0x0000000020001d78      0x200 
                0x0000000020002378                . = (. + _Min_Stack_Size)
 *fill*         0x0000000020001f78      0x400 
                0x0000000020002378                . = ALIGN (0x8)

/DISCARD/
 libc.a(*)
 libm.a(*)
 libgcc.a(*)

.ARM.attributes
                0x0000000000000000       0x30
 *(.ARM.attributes)
 .ARM.attributes
                0x0000000000000000       0x1e c:/st/stm32cubeide_1.12.0/stm32cubeide/plugins/com.st.stm32cube.ide.mcu.externaltools.gnu-tools-for-stm32.10.3-2021.10.win32_1.0.200.202301161003/tools/bin/../lib/gcc/arm-none-eabi/10.3.1/thumb/v7e-m+fp/hard/crti.o
 .ARM.attributes
                0x000000000000001e       0x34 c:/st/stm32cubeide_1.12.0/stm32cubeide/plugins/com.st.stm32cube.ide.mcu.externaltools.gnu-tools-for-stm32.10.3-2021.10.win32_1.0.200.202301161003/tools/bin/../lib/gcc/arm-none-eabi/10.3.1/thumb/v7e-m+fp/hard/crtbegin.o
 .ARM.attributes
                0x0000000000000052       0x34 ./Core/Src/main.o
 .ARM.attributes
                0x0000000000000086       0x34 ./Core/Src/stm32f4xx_hal_msp.o
 .ARM.attributes
                0x00000000000000ba       0x34 ./Core/Src/stm32f4xx_it.o
 .ARM.attributes
                0x00000000000000ee       0x34 ./Core/Src/system_stm32f4xx.o
 .ARM.attributes
                0x0000000000000122       0x21 ./Core/Startup/startup_stm32f407vgtx.o
 .ARM.attributes
                0x0000000000000143       0x34 ./Drivers/STM32F4xx_HAL_Driver/Src/stm32f4xx_hal.o
 .ARM.attributes
                0x0000000000000177       0x34 ./Drivers/STM32F4xx_HAL_Driver/Src/stm32f4xx_hal_cortex.o
 .ARM.attributes
                0x00000000000001ab       0x34 ./Drivers/STM32F4xx_HAL_Driver/Src/stm32f4xx_hal_gpio.o
 .ARM.attributes
                0x00000000000001df       0x34 ./Drivers/STM32F4xx_HAL_Driver/Src/stm32f4xx_hal_pcd.o
 .ARM.attributes
                0x0000000000000213       0x34 ./Drivers/STM32F4xx_HAL_Driver/Src/stm32f4xx_hal_pcd_ex.o
 .ARM.attributes
                0x0000000000000247       0x34 ./Drivers/STM32F4xx_HAL_Driver/Src/stm32f4xx_hal_rcc.o
 .ARM.attributes
                0x000000000000027b       0x34 ./Drivers/STM32F4xx_HAL_Driver/Src/stm32f4xx_hal_tim.o
 .ARM.attributes
                0x00000000000002af       0x34 ./Drivers/STM32F4xx_HAL_Driver/Src/stm32f4xx_hal_tim_ex.o
 .ARM.attributes
                0x00000000000002e3       0x34 ./Drivers/STM32F4xx_HAL_Driver/Src/stm32f4xx_ll_usb.o
 .ARM.attributes
                0x0000000000000317       0x34 ./Middlewares/ST/STM32_USB_Device_Library/Class/CDC/Src/usbd_cdc.o
 .ARM.attributes
                0x000000000000034b       0x34 ./Middlewares/ST/STM32_USB_Device_Library/Core/Src/usbd_core.o
 .ARM.attributes
                0x000000000000037f       0x34 ./Middlewares/ST/STM32_USB_Device_Library/Core/Src/usbd_ctlreq.o
 .ARM.attributes
                0x00000000000003b3       0x34 ./Middlewares/ST/STM32_USB_Device_Library/Core/Src/usbd_ioreq.o
 .ARM.attributes
                0x00000000000003e7       0x34 ./USB_DEVICE/App/usb_device.o
 .ARM.attributes
                0x000000000000041b       0x34 ./USB_DEVICE/App/usbd_cdc_if.o
 .ARM.attributes
                0x000000000000044f       0x34 ./USB_DEVICE/App/usbd_desc.o
 .ARM.attributes
                0x0000000000000483       0x34 ./USB_DEVICE/Target/usbd_conf.o
 .ARM.attributes
                0x00000000000004b7       0x34 c:/st/stm32cubeide_1.12.0/stm32cubeide/plugins/com.st.stm32cube.ide.mcu.externaltools.gnu-tools-for-stm32.10.3-2021.10.win32_1.0.200.202301161003/tools/bin/../lib/gcc/arm-none-eabi/10.3.1/../../../../arm-none-eabi/lib/thumb/v7e-m+fp/hard\libc_nano.a(lib_a-init.o)
 .ARM.attributes
                0x00000000000004eb       0x34 c:/st/stm32cubeide_1.12.0/stm32cubeide/plugins/com.st.stm32cube.ide.mcu.externaltools.gnu-tools-for-stm32.10.3-2021.10.win32_1.0.200.202301161003/tools/bin/../lib/gcc/arm-none-eabi/10.3.1/../../../../arm-none-eabi/lib/thumb/v7e-m+fp/hard\libc_nano.a(lib_a-memset.o)
 .ARM.attributes
                0x000000000000051f       0x1e c:/st/stm32cubeide_1.12.0/stm32cubeide/plugins/com.st.stm32cube.ide.mcu.externaltools.gnu-tools-for-stm32.10.3-2021.10.win32_1.0.200.202301161003/tools/bin/../lib/gcc/arm-none-eabi/10.3.1/thumb/v7e-m+fp/hard\libgcc.a(_aeabi_uldivmod.o)
 .ARM.attributes
                0x000000000000053d       0x34 c:/st/stm32cubeide_1.12.0/stm32cubeide/plugins/com.st.stm32cube.ide.mcu.externaltools.gnu-tools-for-stm32.10.3-2021.10.win32_1.0.200.202301161003/tools/bin/../lib/gcc/arm-none-eabi/10.3.1/thumb/v7e-m+fp/hard\libgcc.a(_udivmoddi4.o)
 .ARM.attributes
                0x0000000000000571       0x1e c:/st/stm32cubeide_1.12.0/stm32cubeide/plugins/com.st.stm32cube.ide.mcu.externaltools.gnu-tools-for-stm32.10.3-2021.10.win32_1.0.200.202301161003/tools/bin/../lib/gcc/arm-none-eabi/10.3.1/thumb/v7e-m+fp/hard\libgcc.a(_dvmd_tls.o)
 .ARM.attributes
                0x000000000000058f       0x1e c:/st/stm32cubeide_1.12.0/stm32cubeide/plugins/com.st.stm32cube.ide.mcu.externaltools.gnu-tools-for-stm32.10.3-2021.10.win32_1.0.200.202301161003/tools/bin/../lib/gcc/arm-none-eabi/10.3.1/thumb/v7e-m+fp/hard/crtn.o
OUTPUT(FINAL_3.elf elf32-littlearm)
LOAD linker stubs
LOAD c:/st/stm32cubeide_1.12.0/stm32cubeide/plugins/com.st.stm32cube.ide.mcu.externaltools.gnu-tools-for-stm32.10.3-2021.10.win32_1.0.200.202301161003/tools/bin/../lib/gcc/arm-none-eabi/10.3.1/../../../../arm-none-eabi/lib/thumb/v7e-m+fp/hard\libc.a
LOAD c:/st/stm32cubeide_1.12.0/stm32cubeide/plugins/com.st.stm32cube.ide.mcu.externaltools.gnu-tools-for-stm32.10.3-2021.10.win32_1.0.200.202301161003/tools/bin/../lib/gcc/arm-none-eabi/10.3.1/../../../../arm-none-eabi/lib/thumb/v7e-m+fp/hard\libm.a
LOAD c:/st/stm32cubeide_1.12.0/stm32cubeide/plugins/com.st.stm32cube.ide.mcu.externaltools.gnu-tools-for-stm32.10.3-2021.10.win32_1.0.200.202301161003/tools/bin/../lib/gcc/arm-none-eabi/10.3.1/thumb/v7e-m+fp/hard\libgcc.a

.debug_info     0x0000000000000000    0x136bb
 .debug_info    0x0000000000000000     0x1696 ./Core/Src/main.o
 .debug_info    0x0000000000001696      0xa6c ./Core/Src/stm32f4xx_hal_msp.o
 .debug_info    0x0000000000002102      0x650 ./Core/Src/stm32f4xx_it.o
 .debug_info    0x0000000000002752      0x523 ./Core/Src/system_stm32f4xx.o
 .debug_info    0x0000000000002c75       0x22 ./Core/Startup/startup_stm32f407vgtx.o
 .debug_info    0x0000000000002c97      0x97c ./Drivers/STM32F4xx_HAL_Driver/Src/stm32f4xx_hal.o
 .debug_info    0x0000000000003613      0xe1b ./Drivers/STM32F4xx_HAL_Driver/Src/stm32f4xx_hal_cortex.o
 .debug_info    0x000000000000442e      0x76a ./Drivers/STM32F4xx_HAL_Driver/Src/stm32f4xx_hal_gpio.o
 .debug_info    0x0000000000004b98     0x1695 ./Drivers/STM32F4xx_HAL_Driver/Src/stm32f4xx_hal_pcd.o
 .debug_info    0x000000000000622d      0x717 ./Drivers/STM32F4xx_HAL_Driver/Src/stm32f4xx_hal_pcd_ex.o
 .debug_info    0x0000000000006944      0x966 ./Drivers/STM32F4xx_HAL_Driver/Src/stm32f4xx_hal_rcc.o
 .debug_info    0x00000000000072aa     0x2bbe ./Drivers/STM32F4xx_HAL_Driver/Src/stm32f4xx_hal_tim.o
 .debug_info    0x0000000000009e68     0x15e0 ./Drivers/STM32F4xx_HAL_Driver/Src/stm32f4xx_hal_tim_ex.o
 .debug_info    0x000000000000b448     0x1a97 ./Drivers/STM32F4xx_HAL_Driver/Src/stm32f4xx_ll_usb.o
 .debug_info    0x000000000000cedf     0x130c ./Middlewares/ST/STM32_USB_Device_Library/Class/CDC/Src/usbd_cdc.o
 .debug_info    0x000000000000e1eb      0xee7 ./Middlewares/ST/STM32_USB_Device_Library/Core/Src/usbd_core.o
 .debug_info    0x000000000000f0d2      0xb7f ./Middlewares/ST/STM32_USB_Device_Library/Core/Src/usbd_ctlreq.o
 .debug_info    0x000000000000fc51      0x7da ./Middlewares/ST/STM32_USB_Device_Library/Core/Src/usbd_ioreq.o
 .debug_info    0x000000000001042b      0x76a ./USB_DEVICE/App/usb_device.o
 .debug_info    0x0000000000010b95      0x96f ./USB_DEVICE/App/usbd_cdc_if.o
 .debug_info    0x0000000000011504      0x498 ./USB_DEVICE/App/usbd_desc.o
 .debug_info    0x000000000001199c     0x1d1f ./USB_DEVICE/Target/usbd_conf.o

.debug_abbrev   0x0000000000000000     0x2f15
 .debug_abbrev  0x0000000000000000      0x315 ./Core/Src/main.o
 .debug_abbrev  0x0000000000000315      0x1a7 ./Core/Src/stm32f4xx_hal_msp.o
 .debug_abbrev  0x00000000000004bc      0x199 ./Core/Src/stm32f4xx_it.o
 .debug_abbrev  0x0000000000000655      0x116 ./Core/Src/system_stm32f4xx.o
 .debug_abbrev  0x000000000000076b       0x12 ./Core/Startup/startup_stm32f407vgtx.o
 .debug_abbrev  0x000000000000077d      0x20d ./Drivers/STM32F4xx_HAL_Driver/Src/stm32f4xx_hal.o
 .debug_abbrev  0x000000000000098a      0x316 ./Drivers/STM32F4xx_HAL_Driver/Src/stm32f4xx_hal_cortex.o
 .debug_abbrev  0x0000000000000ca0      0x1c4 ./Drivers/STM32F4xx_HAL_Driver/Src/stm32f4xx_hal_gpio.o
 .debug_abbrev  0x0000000000000e64      0x2bb ./Drivers/STM32F4xx_HAL_Driver/Src/stm32f4xx_hal_pcd.o
 .debug_abbrev  0x000000000000111f      0x1ce ./Drivers/STM32F4xx_HAL_Driver/Src/stm32f4xx_hal_pcd_ex.o
 .debug_abbrev  0x00000000000012ed      0x2aa ./Drivers/STM32F4xx_HAL_Driver/Src/stm32f4xx_hal_rcc.o
 .debug_abbrev  0x0000000000001597      0x25d ./Drivers/STM32F4xx_HAL_Driver/Src/stm32f4xx_hal_tim.o
 .debug_abbrev  0x00000000000017f4      0x265 ./Drivers/STM32F4xx_HAL_Driver/Src/stm32f4xx_hal_tim_ex.o
 .debug_abbrev  0x0000000000001a59      0x296 ./Drivers/STM32F4xx_HAL_Driver/Src/stm32f4xx_ll_usb.o
 .debug_abbrev  0x0000000000001cef      0x2be ./Middlewares/ST/STM32_USB_Device_Library/Class/CDC/Src/usbd_cdc.o
 .debug_abbrev  0x0000000000001fad      0x263 ./Middlewares/ST/STM32_USB_Device_Library/Core/Src/usbd_core.o
 .debug_abbrev  0x0000000000002210      0x25c ./Middlewares/ST/STM32_USB_Device_Library/Core/Src/usbd_ctlreq.o
 .debug_abbrev  0x000000000000246c      0x18a ./Middlewares/ST/STM32_USB_Device_Library/Core/Src/usbd_ioreq.o
 .debug_abbrev  0x00000000000025f6      0x18a ./USB_DEVICE/App/usb_device.o
 .debug_abbrev  0x0000000000002780      0x290 ./USB_DEVICE/App/usbd_cdc_if.o
 .debug_abbrev  0x0000000000002a10      0x1da ./USB_DEVICE/App/usbd_desc.o
 .debug_abbrev  0x0000000000002bea      0x32b ./USB_DEVICE/Target/usbd_conf.o

.debug_aranges  0x0000000000000000     0x1098
 .debug_aranges
                0x0000000000000000       0x50 ./Core/Src/main.o
 .debug_aranges
                0x0000000000000050       0x30 ./Core/Src/stm32f4xx_hal_msp.o
 .debug_aranges
                0x0000000000000080       0x68 ./Core/Src/stm32f4xx_it.o
 .debug_aranges
                0x00000000000000e8       0x28 ./Core/Src/system_stm32f4xx.o
 .debug_aranges
                0x0000000000000110       0x28 ./Core/Startup/startup_stm32f407vgtx.o
 .debug_aranges
                0x0000000000000138       0xf0 ./Drivers/STM32F4xx_HAL_Driver/Src/stm32f4xx_hal.o
 .debug_aranges
                0x0000000000000228      0x118 ./Drivers/STM32F4xx_HAL_Driver/Src/stm32f4xx_hal_cortex.o
 .debug_aranges
                0x0000000000000340       0x58 ./Drivers/STM32F4xx_HAL_Driver/Src/stm32f4xx_hal_gpio.o
 .debug_aranges
                0x0000000000000398      0x148 ./Drivers/STM32F4xx_HAL_Driver/Src/stm32f4xx_hal_pcd.o
 .debug_aranges
                0x00000000000004e0       0x38 ./Drivers/STM32F4xx_HAL_Driver/Src/stm32f4xx_hal_pcd_ex.o
 .debug_aranges
                0x0000000000000518       0x88 ./Drivers/STM32F4xx_HAL_Driver/Src/stm32f4xx_hal_rcc.o
 .debug_aranges
                0x00000000000005a0      0x3d0 ./Drivers/STM32F4xx_HAL_Driver/Src/stm32f4xx_hal_tim.o
 .debug_aranges
                0x0000000000000970      0x168 ./Drivers/STM32F4xx_HAL_Driver/Src/stm32f4xx_hal_tim_ex.o
 .debug_aranges
                0x0000000000000ad8      0x1a0 ./Drivers/STM32F4xx_HAL_Driver/Src/stm32f4xx_ll_usb.o
 .debug_aranges
                0x0000000000000c78       0x90 ./Middlewares/ST/STM32_USB_Device_Library/Class/CDC/Src/usbd_cdc.o
 .debug_aranges
                0x0000000000000d08       0xd8 ./Middlewares/ST/STM32_USB_Device_Library/Core/Src/usbd_core.o
 .debug_aranges
                0x0000000000000de0       0x90 ./Middlewares/ST/STM32_USB_Device_Library/Core/Src/usbd_ctlreq.o
 .debug_aranges
                0x0000000000000e70       0x50 ./Middlewares/ST/STM32_USB_Device_Library/Core/Src/usbd_ioreq.o
 .debug_aranges
                0x0000000000000ec0       0x20 ./USB_DEVICE/App/usb_device.o
 .debug_aranges
                0x0000000000000ee0       0x48 ./USB_DEVICE/App/usbd_cdc_if.o
 .debug_aranges
                0x0000000000000f28       0x60 ./USB_DEVICE/App/usbd_desc.o
 .debug_aranges
                0x0000000000000f88      0x110 ./USB_DEVICE/Target/usbd_conf.o

.debug_ranges   0x0000000000000000      0xf40
 .debug_ranges  0x0000000000000000       0x40 ./Core/Src/main.o
 .debug_ranges  0x0000000000000040       0x20 ./Core/Src/stm32f4xx_hal_msp.o
 .debug_ranges  0x0000000000000060       0x58 ./Core/Src/stm32f4xx_it.o
 .debug_ranges  0x00000000000000b8       0x18 ./Core/Src/system_stm32f4xx.o
 .debug_ranges  0x00000000000000d0       0x20 ./Core/Startup/startup_stm32f407vgtx.o
 .debug_ranges  0x00000000000000f0       0xe0 ./Drivers/STM32F4xx_HAL_Driver/Src/stm32f4xx_hal.o
 .debug_ranges  0x00000000000001d0      0x108 ./Drivers/STM32F4xx_HAL_Driver/Src/stm32f4xx_hal_cortex.o
 .debug_ranges  0x00000000000002d8       0x48 ./Drivers/STM32F4xx_HAL_Driver/Src/stm32f4xx_hal_gpio.o
 .debug_ranges  0x0000000000000320      0x138 ./Drivers/STM32F4xx_HAL_Driver/Src/stm32f4xx_hal_pcd.o
 .debug_ranges  0x0000000000000458       0x28 ./Drivers/STM32F4xx_HAL_Driver/Src/stm32f4xx_hal_pcd_ex.o
 .debug_ranges  0x0000000000000480       0x78 ./Drivers/STM32F4xx_HAL_Driver/Src/stm32f4xx_hal_rcc.o
 .debug_ranges  0x00000000000004f8      0x3c0 ./Drivers/STM32F4xx_HAL_Driver/Src/stm32f4xx_hal_tim.o
 .debug_ranges  0x00000000000008b8      0x158 ./Drivers/STM32F4xx_HAL_Driver/Src/stm32f4xx_hal_tim_ex.o
 .debug_ranges  0x0000000000000a10      0x190 ./Drivers/STM32F4xx_HAL_Driver/Src/stm32f4xx_ll_usb.o
 .debug_ranges  0x0000000000000ba0       0x80 ./Middlewares/ST/STM32_USB_Device_Library/Class/CDC/Src/usbd_cdc.o
 .debug_ranges  0x0000000000000c20       0xc8 ./Middlewares/ST/STM32_USB_Device_Library/Core/Src/usbd_core.o
 .debug_ranges  0x0000000000000ce8       0x80 ./Middlewares/ST/STM32_USB_Device_Library/Core/Src/usbd_ctlreq.o
 .debug_ranges  0x0000000000000d68       0x40 ./Middlewares/ST/STM32_USB_Device_Library/Core/Src/usbd_ioreq.o
 .debug_ranges  0x0000000000000da8       0x10 ./USB_DEVICE/App/usb_device.o
 .debug_ranges  0x0000000000000db8       0x38 ./USB_DEVICE/App/usbd_cdc_if.o
 .debug_ranges  0x0000000000000df0       0x50 ./USB_DEVICE/App/usbd_desc.o
 .debug_ranges  0x0000000000000e40      0x100 ./USB_DEVICE/Target/usbd_conf.o

.debug_macro    0x0000000000000000    0x23a13
 .debug_macro   0x0000000000000000      0x427 ./Core/Src/main.o
 .debug_macro   0x0000000000000427      0xa78 ./Core/Src/main.o
 .debug_macro   0x0000000000000e9f      0x29b ./Core/Src/main.o
 .debug_macro   0x000000000000113a       0x2e ./Core/Src/main.o
 .debug_macro   0x0000000000001168       0x2f ./Core/Src/main.o
 .debug_macro   0x0000000000001197       0x22 ./Core/Src/main.o
 .debug_macro   0x00000000000011b9       0x8e ./Core/Src/main.o
 .debug_macro   0x0000000000001247       0x51 ./Core/Src/main.o
 .debug_macro   0x0000000000001298      0x103 ./Core/Src/main.o
 .debug_macro   0x000000000000139b       0x6a ./Core/Src/main.o
 .debug_macro   0x0000000000001405      0x1df ./Core/Src/main.o
 .debug_macro   0x00000000000015e4       0x1c ./Core/Src/main.o
 .debug_macro   0x0000000000001600       0x22 ./Core/Src/main.o
 .debug_macro   0x0000000000001622       0xd9 ./Core/Src/main.o
 .debug_macro   0x00000000000016fb     0x102d ./Core/Src/main.o
 .debug_macro   0x0000000000002728      0x11f ./Core/Src/main.o
 .debug_macro   0x0000000000002847    0x15e82 ./Core/Src/main.o
 .debug_macro   0x00000000000186c9       0x6d ./Core/Src/main.o
 .debug_macro   0x0000000000018736     0x367e ./Core/Src/main.o
 .debug_macro   0x000000000001bdb4      0x174 ./Core/Src/main.o
 .debug_macro   0x000000000001bf28       0x5c ./Core/Src/main.o
 .debug_macro   0x000000000001bf84      0x96b ./Core/Src/main.o
 .debug_macro   0x000000000001c8ef      0x9fe ./Core/Src/main.o
 .debug_macro   0x000000000001d2ed      0x115 ./Core/Src/main.o
 .debug_macro   0x000000000001d402      0x13e ./Core/Src/main.o
 .debug_macro   0x000000000001d540       0xa5 ./Core/Src/main.o
 .debug_macro   0x000000000001d5e5      0x174 ./Core/Src/main.o
 .debug_macro   0x000000000001d759      0x287 ./Core/Src/main.o
 .debug_macro   0x000000000001d9e0       0x5f ./Core/Src/main.o
 .debug_macro   0x000000000001da3f      0x236 ./Core/Src/main.o
 .debug_macro   0x000000000001dc75      0x12c ./Core/Src/main.o
 .debug_macro   0x000000000001dda1      0x21e ./Core/Src/main.o
 .debug_macro   0x000000000001dfbf       0x2e ./Core/Src/main.o
 .debug_macro   0x000000000001dfed      0x11a ./Core/Src/main.o
 .debug_macro   0x000000000001e107       0x7e ./Core/Src/main.o
 .debug_macro   0x000000000001e185       0x89 ./Core/Src/main.o
 .debug_macro   0x000000000001e20e      0x8e6 ./Core/Src/main.o
 .debug_macro   0x000000000001eaf4       0x47 ./Core/Src/main.o
 .debug_macro   0x000000000001eb3b      0x248 ./Core/Src/main.o
 .debug_macro   0x000000000001ed83       0xba ./Core/Src/main.o
 .debug_macro   0x000000000001ee3d      0x12d ./Core/Src/main.o
 .debug_macro   0x000000000001ef6a       0x52 ./Core/Src/main.o
 .debug_macro   0x000000000001efbc       0x1e ./Core/Src/main.o
 .debug_macro   0x000000000001efda       0x3c ./Core/Src/main.o
 .debug_macro   0x000000000001f016       0x34 ./Core/Src/main.o
 .debug_macro   0x000000000001f04a       0x16 ./Core/Src/main.o
 .debug_macro   0x000000000001f060       0x35 ./Core/Src/main.o
 .debug_macro   0x000000000001f095      0x341 ./Core/Src/main.o
 .debug_macro   0x000000000001f3d6       0x10 ./Core/Src/main.o
 .debug_macro   0x000000000001f3e6       0x16 ./Core/Src/main.o
 .debug_macro   0x000000000001f3fc       0x43 ./Core/Src/main.o
 .debug_macro   0x000000000001f43f       0x34 ./Core/Src/main.o
 .debug_macro   0x000000000001f473       0x10 ./Core/Src/main.o
 .debug_macro   0x000000000001f483       0x58 ./Core/Src/main.o
 .debug_macro   0x000000000001f4db       0x71 ./Core/Src/main.o
 .debug_macro   0x000000000001f54c       0x1c ./Core/Src/main.o
 .debug_macro   0x000000000001f568      0x12a ./Core/Src/main.o
 .debug_macro   0x000000000001f692       0x10 ./Core/Src/main.o
 .debug_macro   0x000000000001f6a2       0x1c ./Core/Src/main.o
 .debug_macro   0x000000000001f6be       0x52 ./Core/Src/main.o
 .debug_macro   0x000000000001f710       0x22 ./Core/Src/main.o
 .debug_macro   0x000000000001f732       0x10 ./Core/Src/main.o
 .debug_macro   0x000000000001f742       0x52 ./Core/Src/main.o
 .debug_macro   0x000000000001f794       0xd5 ./Core/Src/main.o
 .debug_macro   0x000000000001f869       0x1c ./Core/Src/main.o
 .debug_macro   0x000000000001f885       0x3d ./Core/Src/main.o
 .debug_macro   0x000000000001f8c2       0x16 ./Core/Src/main.o
 .debug_macro   0x000000000001f8d8      0x145 ./Core/Src/main.o
 .debug_macro   0x000000000001fa1d       0x16 ./Core/Src/main.o
 .debug_macro   0x000000000001fa33       0x16 ./Core/Src/main.o
 .debug_macro   0x000000000001fa49       0x29 ./Core/Src/main.o
 .debug_macro   0x000000000001fa72       0x16 ./Core/Src/main.o
 .debug_macro   0x000000000001fa88       0x20 ./Core/Src/main.o
 .debug_macro   0x000000000001faa8       0x65 ./Core/Src/main.o
 .debug_macro   0x000000000001fb0d      0x20f ./Core/Src/main.o
 .debug_macro   0x000000000001fd1c       0x95 ./Core/Src/main.o
 .debug_macro   0x000000000001fdb1       0x10 ./Core/Src/main.o
 .debug_macro   0x000000000001fdc1      0x1f2 ./Core/Src/stm32f4xx_hal_msp.o
 .debug_macro   0x000000000001ffb3      0x1fc ./Core/Src/stm32f4xx_it.o
 .debug_macro   0x00000000000201af      0x1e8 ./Core/Src/system_stm32f4xx.o
 .debug_macro   0x0000000000020397      0x248 ./Drivers/STM32F4xx_HAL_Driver/Src/stm32f4xx_hal.o
 .debug_macro   0x00000000000205df      0x1e8 ./Drivers/STM32F4xx_HAL_Driver/Src/stm32f4xx_hal_cortex.o
 .debug_macro   0x00000000000207c7      0x1ee ./Drivers/STM32F4xx_HAL_Driver/Src/stm32f4xx_hal_gpio.o
 .debug_macro   0x00000000000209b5      0x1f4 ./Drivers/STM32F4xx_HAL_Driver/Src/stm32f4xx_hal_pcd.o
 .debug_macro   0x0000000000020ba9      0x1e8 ./Drivers/STM32F4xx_HAL_Driver/Src/stm32f4xx_hal_pcd_ex.o
 .debug_macro   0x0000000000020d91      0x20c ./Drivers/STM32F4xx_HAL_Driver/Src/stm32f4xx_hal_rcc.o
 .debug_macro   0x0000000000020f9d      0x1e9 ./Drivers/STM32F4xx_HAL_Driver/Src/stm32f4xx_hal_tim.o
 .debug_macro   0x0000000000021186      0x1e8 ./Drivers/STM32F4xx_HAL_Driver/Src/stm32f4xx_hal_tim_ex.o
 .debug_macro   0x000000000002136e      0x1e8 ./Drivers/STM32F4xx_HAL_Driver/Src/stm32f4xx_ll_usb.o
 .debug_macro   0x0000000000021556      0x408 ./Middlewares/ST/STM32_USB_Device_Library/Class/CDC/Src/usbd_cdc.o
 .debug_macro   0x000000000002195e       0x97 ./Middlewares/ST/STM32_USB_Device_Library/Class/CDC/Src/usbd_cdc.o
 .debug_macro   0x00000000000219f5       0xfd ./Middlewares/ST/STM32_USB_Device_Library/Class/CDC/Src/usbd_cdc.o
 .debug_macro   0x0000000000021af2       0x56 ./Middlewares/ST/STM32_USB_Device_Library/Class/CDC/Src/usbd_cdc.o
 .debug_macro   0x0000000000021b48      0x3ef ./Middlewares/ST/STM32_USB_Device_Library/Core/Src/usbd_core.o
 .debug_macro   0x0000000000021f37      0x215 ./Middlewares/ST/STM32_USB_Device_Library/Core/Src/usbd_core.o
 .debug_macro   0x000000000002214c      0x3f9 ./Middlewares/ST/STM32_USB_Device_Library/Core/Src/usbd_ctlreq.o
 .debug_macro   0x0000000000022545      0x3f5 ./Middlewares/ST/STM32_USB_Device_Library/Core/Src/usbd_ioreq.o
 .debug_macro   0x000000000002293a      0x42e ./USB_DEVICE/App/usb_device.o
 .debug_macro   0x0000000000022d68       0x22 ./USB_DEVICE/App/usb_device.o
 .debug_macro   0x0000000000022d8a       0x16 ./USB_DEVICE/App/usb_device.o
 .debug_macro   0x0000000000022da0      0x413 ./USB_DEVICE/App/usbd_cdc_if.o
 .debug_macro   0x00000000000231b3      0x432 ./USB_DEVICE/App/usbd_desc.o
 .debug_macro   0x00000000000235e5       0x1c ./USB_DEVICE/App/usbd_desc.o
 .debug_macro   0x0000000000023601      0x412 ./USB_DEVICE/Target/usbd_conf.o

.debug_line     0x0000000000000000    0x14221
 .debug_line    0x0000000000000000      0xbc5 ./Core/Src/main.o
 .debug_line    0x0000000000000bc5      0x73f ./Core/Src/stm32f4xx_hal_msp.o
 .debug_line    0x0000000000001304      0x7cd ./Core/Src/stm32f4xx_it.o
 .debug_line    0x0000000000001ad1      0x774 ./Core/Src/system_stm32f4xx.o
 .debug_line    0x0000000000002245       0x88 ./Core/Startup/startup_stm32f407vgtx.o
 .debug_line    0x00000000000022cd      0x9da ./Drivers/STM32F4xx_HAL_Driver/Src/stm32f4xx_hal.o
 .debug_line    0x0000000000002ca7      0xc89 ./Drivers/STM32F4xx_HAL_Driver/Src/stm32f4xx_hal_cortex.o
 .debug_line    0x0000000000003930      0xb4e ./Drivers/STM32F4xx_HAL_Driver/Src/stm32f4xx_hal_gpio.o
 .debug_line    0x000000000000447e     0x147d ./Drivers/STM32F4xx_HAL_Driver/Src/stm32f4xx_hal_pcd.o
 .debug_line    0x00000000000058fb      0x7bd ./Drivers/STM32F4xx_HAL_Driver/Src/stm32f4xx_hal_pcd_ex.o
 .debug_line    0x00000000000060b8      0xd54 ./Drivers/STM32F4xx_HAL_Driver/Src/stm32f4xx_hal_rcc.o
 .debug_line    0x0000000000006e0c     0x36ce ./Drivers/STM32F4xx_HAL_Driver/Src/stm32f4xx_hal_tim.o
 .debug_line    0x000000000000a4da     0x19d7 ./Drivers/STM32F4xx_HAL_Driver/Src/stm32f4xx_hal_tim_ex.o
 .debug_line    0x000000000000beb1     0x1a97 ./Drivers/STM32F4xx_HAL_Driver/Src/stm32f4xx_ll_usb.o
 .debug_line    0x000000000000d948      0xf07 ./Middlewares/ST/STM32_USB_Device_Library/Class/CDC/Src/usbd_cdc.o
 .debug_line    0x000000000000e84f      0xf81 ./Middlewares/ST/STM32_USB_Device_Library/Core/Src/usbd_core.o
 .debug_line    0x000000000000f7d0     0x1152 ./Middlewares/ST/STM32_USB_Device_Library/Core/Src/usbd_ctlreq.o
 .debug_line    0x0000000000010922      0xa99 ./Middlewares/ST/STM32_USB_Device_Library/Core/Src/usbd_ioreq.o
 .debug_line    0x00000000000113bb      0xa55 ./USB_DEVICE/App/usb_device.o
 .debug_line    0x0000000000011e10      0xab8 ./USB_DEVICE/App/usbd_cdc_if.o
 .debug_line    0x00000000000128c8      0xb1e ./USB_DEVICE/App/usbd_desc.o
 .debug_line    0x00000000000133e6      0xe3b ./USB_DEVICE/Target/usbd_conf.o

.debug_str      0x0000000000000000    0xcc61a
 .debug_str     0x0000000000000000    0xc8701 ./Core/Src/main.o
                                      0xc8b64 (size before relaxing)
 .debug_str     0x00000000000c8701       0x72 ./Core/Src/stm32f4xx_hal_msp.o
                                      0xc3299 (size before relaxing)
 .debug_str     0x00000000000c8773      0x433 ./Core/Src/stm32f4xx_it.o
                                      0xc3032 (size before relaxing)
 .debug_str     0x00000000000c8ba6       0xdb ./Core/Src/system_stm32f4xx.o
                                      0xc2d46 (size before relaxing)
 .debug_str     0x00000000000c8c81       0x36 ./Core/Startup/startup_stm32f407vgtx.o
                                         0x73 (size before relaxing)
 .debug_str     0x00000000000c8cb7      0x5fa ./Drivers/STM32F4xx_HAL_Driver/Src/stm32f4xx_hal.o
                                      0xc38ca (size before relaxing)
 .debug_str     0x00000000000c92b1      0x34d ./Drivers/STM32F4xx_HAL_Driver/Src/stm32f4xx_hal_cortex.o
                                      0xc35fd (size before relaxing)
 .debug_str     0x00000000000c95fe      0x110 ./Drivers/STM32F4xx_HAL_Driver/Src/stm32f4xx_hal_gpio.o
                                      0xc2ec1 (size before relaxing)
 .debug_str     0x00000000000c970e      0x81e ./Drivers/STM32F4xx_HAL_Driver/Src/stm32f4xx_hal_pcd.o
                                      0xc3808 (size before relaxing)
 .debug_str     0x00000000000c9f2c      0x115 ./Drivers/STM32F4xx_HAL_Driver/Src/stm32f4xx_hal_pcd_ex.o
                                      0xc30f7 (size before relaxing)
 .debug_str     0x00000000000ca041      0x21f ./Drivers/STM32F4xx_HAL_Driver/Src/stm32f4xx_hal_rcc.o
                                      0xc317a (size before relaxing)
 .debug_str     0x00000000000ca260      0xe68 ./Drivers/STM32F4xx_HAL_Driver/Src/stm32f4xx_hal_tim.o
                                      0xc40c0 (size before relaxing)
 .debug_str     0x00000000000cb0c8      0x493 ./Drivers/STM32F4xx_HAL_Driver/Src/stm32f4xx_hal_tim_ex.o
                                      0xc38dc (size before relaxing)
 .debug_str     0x00000000000cb55b      0x441 ./Drivers/STM32F4xx_HAL_Driver/Src/stm32f4xx_ll_usb.o
                                      0xc3670 (size before relaxing)
 .debug_str     0x00000000000cb99c      0x37c ./Middlewares/ST/STM32_USB_Device_Library/Class/CDC/Src/usbd_cdc.o
                                      0xc8358 (size before relaxing)
 .debug_str     0x00000000000cbd18      0x35c ./Middlewares/ST/STM32_USB_Device_Library/Core/Src/usbd_core.o
                                      0xc7cce (size before relaxing)
 .debug_str     0x00000000000cc074      0x139 ./Middlewares/ST/STM32_USB_Device_Library/Core/Src/usbd_ctlreq.o
                                      0xc7af9 (size before relaxing)
 .debug_str     0x00000000000cc1ad       0x51 ./Middlewares/ST/STM32_USB_Device_Library/Core/Src/usbd_ioreq.o
                                      0xc79ce (size before relaxing)
 .debug_str     0x00000000000cc1fe       0xb9 ./USB_DEVICE/App/usb_device.o
                                      0xc7d81 (size before relaxing)
 .debug_str     0x00000000000cc2b7       0x82 ./USB_DEVICE/App/usbd_cdc_if.o
                                      0xc7dc1 (size before relaxing)
 .debug_str     0x00000000000cc339      0x26e ./USB_DEVICE/App/usbd_desc.o
                                      0xc78ce (size before relaxing)
 .debug_str     0x00000000000cc5a7       0x73 ./USB_DEVICE/Target/usbd_conf.o
                                      0xc8ba6 (size before relaxing)

.comment        0x0000000000000000       0x50
 .comment       0x0000000000000000       0x50 ./Core/Src/main.o
                                         0x51 (size before relaxing)
 .comment       0x0000000000000050       0x51 ./Core/Src/stm32f4xx_hal_msp.o
 .comment       0x0000000000000050       0x51 ./Core/Src/stm32f4xx_it.o
 .comment       0x0000000000000050       0x51 ./Core/Src/system_stm32f4xx.o
 .comment       0x0000000000000050       0x51 ./Drivers/STM32F4xx_HAL_Driver/Src/stm32f4xx_hal.o
 .comment       0x0000000000000050       0x51 ./Drivers/STM32F4xx_HAL_Driver/Src/stm32f4xx_hal_cortex.o
 .comment       0x0000000000000050       0x51 ./Drivers/STM32F4xx_HAL_Driver/Src/stm32f4xx_hal_gpio.o
 .comment       0x0000000000000050       0x51 ./Drivers/STM32F4xx_HAL_Driver/Src/stm32f4xx_hal_pcd.o
 .comment       0x0000000000000050       0x51 ./Drivers/STM32F4xx_HAL_Driver/Src/stm32f4xx_hal_pcd_ex.o
 .comment       0x0000000000000050       0x51 ./Drivers/STM32F4xx_HAL_Driver/Src/stm32f4xx_hal_rcc.o
 .comment       0x0000000000000050       0x51 ./Drivers/STM32F4xx_HAL_Driver/Src/stm32f4xx_hal_tim.o
 .comment       0x0000000000000050       0x51 ./Drivers/STM32F4xx_HAL_Driver/Src/stm32f4xx_hal_tim_ex.o
 .comment       0x0000000000000050       0x51 ./Drivers/STM32F4xx_HAL_Driver/Src/stm32f4xx_ll_usb.o
 .comment       0x0000000000000050       0x51 ./Middlewares/ST/STM32_USB_Device_Library/Class/CDC/Src/usbd_cdc.o
 .comment       0x0000000000000050       0x51 ./Middlewares/ST/STM32_USB_Device_Library/Core/Src/usbd_core.o
 .comment       0x0000000000000050       0x51 ./Middlewares/ST/STM32_USB_Device_Library/Core/Src/usbd_ctlreq.o
 .comment       0x0000000000000050       0x51 ./Middlewares/ST/STM32_USB_Device_Library/Core/Src/usbd_ioreq.o
 .comment       0x0000000000000050       0x51 ./USB_DEVICE/App/usb_device.o
 .comment       0x0000000000000050       0x51 ./USB_DEVICE/App/usbd_cdc_if.o
 .comment       0x0000000000000050       0x51 ./USB_DEVICE/App/usbd_desc.o
 .comment       0x0000000000000050       0x51 ./USB_DEVICE/Target/usbd_conf.o

.debug_frame    0x0000000000000000     0x4520
 .debug_frame   0x0000000000000000      0x108 ./Core/Src/main.o
 .debug_frame   0x0000000000000108       0x80 ./Core/Src/stm32f4xx_hal_msp.o
 .debug_frame   0x0000000000000188      0x120 ./Core/Src/stm32f4xx_it.o
 .debug_frame   0x00000000000002a8       0x58 ./Core/Src/system_stm32f4xx.o
 .debug_frame   0x0000000000000300      0x374 ./Drivers/STM32F4xx_HAL_Driver/Src/stm32f4xx_hal.o
 .debug_frame   0x0000000000000674      0x498 ./Drivers/STM32F4xx_HAL_Driver/Src/stm32f4xx_hal_cortex.o
 .debug_frame   0x0000000000000b0c      0x14c ./Drivers/STM32F4xx_HAL_Driver/Src/stm32f4xx_hal_gpio.o
 .debug_frame   0x0000000000000c58      0x5bc ./Drivers/STM32F4xx_HAL_Driver/Src/stm32f4xx_hal_pcd.o
 .debug_frame   0x0000000000001214       0xb0 ./Drivers/STM32F4xx_HAL_Driver/Src/stm32f4xx_hal_pcd_ex.o
 .debug_frame   0x00000000000012c4      0x1f4 ./Drivers/STM32F4xx_HAL_Driver/Src/stm32f4xx_hal_rcc.o
 .debug_frame   0x00000000000014b8     0x11c4 ./Drivers/STM32F4xx_HAL_Driver/Src/stm32f4xx_hal_tim.o
 .debug_frame   0x000000000000267c      0x638 ./Drivers/STM32F4xx_HAL_Driver/Src/stm32f4xx_hal_tim_ex.o
 .debug_frame   0x0000000000002cb4      0x7c0 ./Drivers/STM32F4xx_HAL_Driver/Src/stm32f4xx_ll_usb.o
 .debug_frame   0x0000000000003474      0x23c ./Middlewares/ST/STM32_USB_Device_Library/Class/CDC/Src/usbd_cdc.o
 .debug_frame   0x00000000000036b0      0x390 ./Middlewares/ST/STM32_USB_Device_Library/Core/Src/usbd_core.o
 .debug_frame   0x0000000000003a40      0x23c ./Middlewares/ST/STM32_USB_Device_Library/Core/Src/usbd_ctlreq.o
 .debug_frame   0x0000000000003c7c      0x10c ./Middlewares/ST/STM32_USB_Device_Library/Core/Src/usbd_ioreq.o
 .debug_frame   0x0000000000003d88       0x2c ./USB_DEVICE/App/usb_device.o
 .debug_frame   0x0000000000003db4       0xe4 ./USB_DEVICE/App/usbd_cdc_if.o
 .debug_frame   0x0000000000003e98      0x160 ./USB_DEVICE/App/usbd_desc.o
 .debug_frame   0x0000000000003ff8      0x47c ./USB_DEVICE/Target/usbd_conf.o
 .debug_frame   0x0000000000004474       0x2c c:/st/stm32cubeide_1.12.0/stm32cubeide/plugins/com.st.stm32cube.ide.mcu.externaltools.gnu-tools-for-stm32.10.3-2021.10.win32_1.0.200.202301161003/tools/bin/../lib/gcc/arm-none-eabi/10.3.1/../../../../arm-none-eabi/lib/thumb/v7e-m+fp/hard\libc_nano.a(lib_a-init.o)
 .debug_frame   0x00000000000044a0       0x20 c:/st/stm32cubeide_1.12.0/stm32cubeide/plugins/com.st.stm32cube.ide.mcu.externaltools.gnu-tools-for-stm32.10.3-2021.10.win32_1.0.200.202301161003/tools/bin/../lib/gcc/arm-none-eabi/10.3.1/../../../../arm-none-eabi/lib/thumb/v7e-m+fp/hard\libc_nano.a(lib_a-memset.o)
 .debug_frame   0x00000000000044c0       0x2c c:/st/stm32cubeide_1.12.0/stm32cubeide/plugins/com.st.stm32cube.ide.mcu.externaltools.gnu-tools-for-stm32.10.3-2021.10.win32_1.0.200.202301161003/tools/bin/../lib/gcc/arm-none-eabi/10.3.1/thumb/v7e-m+fp/hard\libgcc.a(_aeabi_uldivmod.o)